#
# There is insufficient memory for the Java Runtime Environment to continue.
# Native memory allocation (malloc) failed to allocate 1048576 bytes. Error detail: AllocateHeap
# Possible reasons:
#   The system is out of physical RAM or swap space
#   This process is running with CompressedOops enabled, and the Java Heap may be blocking the growth of the native heap
# Possible solutions:
#   Reduce memory load on the system
#   Increase physical memory or swap space
#   Check if swap backing store is full
#   Decrease Java heap size (-Xmx/-Xms)
#   Decrease number of Java threads
#   Decrease Java thread stack sizes (-Xss)
#   Set larger code cache with -XX:ReservedCodeCacheSize=
#   JVM is running with Unscaled Compressed Oops mode in which the Java heap is
#     placed in the first 4GB address space. The Java Heap base address is the
#     maximum limit for the native heap growth. Please use -XX:HeapBaseMinAddress
#     to set the Java Heap base and to place the Java Heap above 4GB virtual address.
# This output file may be truncated or incomplete.
#
#  Out of Memory Error (allocation.cpp:44), pid=20720, tid=16240
#
# JRE version: OpenJDK Runtime Environment Temurin-21.0.10+7 (21.0.10+7) (build 21.0.10+7-LTS)
# Java VM: OpenJDK 64-Bit Server VM Temurin-21.0.10+7 (21.0.10+7-LTS, mixed mode, sharing, tiered, compressed oops, compressed class ptrs, parallel gc, windows-amd64)
# No core dump will be written. Minidumps are not enabled by default on client versions of Windows
#

---------------  S U M M A R Y ------------

Command Line: --add-modules=ALL-SYSTEM --add-opens=java.base/java.util=ALL-UNNAMED --add-opens=java.base/java.lang=ALL-UNNAMED --add-opens=java.base/sun.nio.fs=ALL-UNNAMED -Declipse.application=org.eclipse.jdt.ls.core.id1 -Dosgi.bundles.defaultStartLevel=4 -Declipse.product=org.eclipse.jdt.ls.core.product -Djava.import.generatesMetadataFilesAtProjectRoot=false -DDetectVMInstallationsJob.disabled=true -Dfile.encoding=utf8 -XX:+UseParallelGC -XX:GCTimeRatio=4 -XX:AdaptiveSizePolicyWeight=90 -Dsun.zip.disableMemoryMapping=true -Xmx2G -Xms100m -Xlog:disable -javaagent:c:\Users\Felipe Gabriel\.vscode\extensions\redhat.java-1.54.0-win32-x64\lombok\lombok-1.18.39-4050.jar -XX:+HeapDumpOnOutOfMemoryError -XX:HeapDumpPath=c:\Users\Felipe Gabriel\AppData\Roaming\Code\User\workspaceStorage\642678f124544afbc4c382be6d497972\redhat.java -Daether.dependencyCollector.impl=bf c:\Users\Felipe Gabriel\.vscode\extensions\redhat.java-1.54.0-win32-x64\server\plugins\org.eclipse.equinox.launcher_1.7.100.v20251111-0406.jar -configuration c:\Users\Felipe Gabriel\AppData\Roaming\Code\User\globalStorage\redhat.java\1.54.0\config_win -data c:\Users\Felipe Gabriel\AppData\Roaming\Code\User\workspaceStorage\642678f124544afbc4c382be6d497972\redhat.java\jdt_ws --pipe=\\.\pipe\lsp-7c42b86f8661ed4bc22f2fc781304d70-sock

Host: 12th Gen Intel(R) Core(TM) i5-1235U, 12 cores, 7G,  Windows 11 , 64 bit Build 26100 (10.0.26100.8521)
Time: Sat Jun 20 11:18:52 2026 Hora Padrão de Buenos Aires elapsed time: 3096.880756 seconds (0d 0h 51m 36s)

---------------  T H R E A D  ---------------

Current thread (0x000001a481fbaf60):  JavaThread "Attach Listener" daemon [_thread_in_vm, id=16240, stack(0x000000325e400000,0x000000325e500000) (1024K)]

Stack: [0x000000325e400000,0x000000325e500000]
Native frames: (J=compiled Java code, j=interpreted, Vv=VM code, C=native code)
V  [jvm.dll+0x6d7a39]
V  [jvm.dll+0x8b4b26]
V  [jvm.dll+0x8b70de]
V  [jvm.dll+0x8b77c3]
V  [jvm.dll+0x284346]
V  [jvm.dll+0xc1277]
V  [jvm.dll+0x6d82e9]
V  [jvm.dll+0x1334a6]
V  [jvm.dll+0x3f857e]
V  [jvm.dll+0x85f59d]
V  [jvm.dll+0x6d626d]
C  [ucrtbase.dll+0x2cd30]
C  [KERNEL32.DLL+0x2e957]
C  [ntdll.dll+0x87c1c]


---------------  P R O C E S S  ---------------

Threads class SMR info:
_java_thread_list=0x000001a4e0cc3740, length=39, elements={
0x000001a481f12800, 0x000001a481fb43e0, 0x000001a4989be860, 0x000001a481fb90f0,
0x000001a481fbaf60, 0x000001a481fbbd20, 0x000001a481fbc780, 0x000001a481fc0b90,
0x000001a481fc6760, 0x000001a4db004750, 0x000001a4db152a00, 0x000001a4e0681b80,
0x000001a4e0668f50, 0x000001a4e0660d40, 0x000001a4e02ec810, 0x000001a4e0d66c60,
0x000001a4e0a4ae30, 0x000001a4db1bfbe0, 0x000001a4db1befd0, 0x000001a4db1be2b0,
0x000001a4e08335a0, 0x000001a4e0830120, 0x000001a4e0830e40, 0x000001a4e08307b0,
0x000001a4e0833c30, 0x000001a4e0834950, 0x000001a4e0832f10, 0x000001a4e0834fe0,
0x000001a4e0832880, 0x000001a4e08321f0, 0x000001a4e08342c0, 0x000001a4e0831b60,
0x000001a4e0835670, 0x000001a4e0835d00, 0x000001a4e0836390, 0x000001a4e0836a20,
0x000001a4e08370b0, 0x000001a4e2be3450, 0x000001a4e2be1380
}

Java Threads: ( => current thread )
  0x000001a481f12800 JavaThread "main"                              [_thread_blocked, id=26784, stack(0x000000325dd00000,0x000000325de00000) (1024K)]
  0x000001a481fb43e0 JavaThread "Reference Handler"          daemon [_thread_blocked, id=20948, stack(0x000000325e100000,0x000000325e200000) (1024K)]
  0x000001a4989be860 JavaThread "Finalizer"                  daemon [_thread_blocked, id=4288, stack(0x000000325e200000,0x000000325e300000) (1024K)]
  0x000001a481fb90f0 JavaThread "Signal Dispatcher"          daemon [_thread_blocked, id=16684, stack(0x000000325e300000,0x000000325e400000) (1024K)]
=>0x000001a481fbaf60 JavaThread "Attach Listener"            daemon [_thread_in_vm, id=16240, stack(0x000000325e400000,0x000000325e500000) (1024K)]
  0x000001a481fbbd20 JavaThread "Service Thread"             daemon [_thread_blocked, id=2344, stack(0x000000325e500000,0x000000325e600000) (1024K)]
  0x000001a481fbc780 JavaThread "Monitor Deflation Thread"   daemon [_thread_blocked, id=17580, stack(0x000000325e600000,0x000000325e700000) (1024K)]
  0x000001a481fc0b90 JavaThread "C2 CompilerThread0"         daemon [_thread_blocked, id=23216, stack(0x000000325e700000,0x000000325e800000) (1024K)]
  0x000001a481fc6760 JavaThread "C1 CompilerThread0"         daemon [_thread_blocked, id=11956, stack(0x000000325e800000,0x000000325e900000) (1024K)]
  0x000001a4db004750 JavaThread "Common-Cleaner"             daemon [_thread_blocked, id=25596, stack(0x000000325e900000,0x000000325ea00000) (1024K)]
  0x000001a4db152a00 JavaThread "Notification Thread"        daemon [_thread_blocked, id=11716, stack(0x000000325ea00000,0x000000325eb00000) (1024K)]
  0x000001a4e0681b80 JavaThread "Active Thread: Equinox Container: 88effbb3-8756-4a16-9467-270a2cd79614"        [_thread_blocked, id=14368, stack(0x000000325f100000,0x000000325f200000) (1024K)]
  0x000001a4e0668f50 JavaThread "Refresh Thread: Equinox Container: 88effbb3-8756-4a16-9467-270a2cd79614" daemon [_thread_blocked, id=11132, stack(0x000000325f300000,0x000000325f400000) (1024K)]
  0x000001a4e0660d40 JavaThread "Framework Event Dispatcher: Equinox Container: 88effbb3-8756-4a16-9467-270a2cd79614" daemon [_thread_blocked, id=4060, stack(0x000000325f400000,0x000000325f500000) (1024K)]
  0x000001a4e02ec810 JavaThread "Start Level: Equinox Container: 88effbb3-8756-4a16-9467-270a2cd79614" daemon [_thread_blocked, id=12368, stack(0x000000325f500000,0x000000325f600000) (1024K)]
  0x000001a4e0d66c60 JavaThread "Bundle File Closer"         daemon [_thread_blocked, id=25624, stack(0x000000325f900000,0x000000325fa00000) (1024K)]
  0x000001a4e0a4ae30 JavaThread "SCR Component Actor"        daemon [_thread_blocked, id=4072, stack(0x000000325f800000,0x000000325f900000) (1024K)]
  0x000001a4db1bfbe0 JavaThread "Worker-JM"                         [_thread_blocked, id=15572, stack(0x000000325fc00000,0x000000325fd00000) (1024K)]
  0x000001a4db1befd0 JavaThread "JNA Cleaner"                daemon [_thread_blocked, id=27520, stack(0x000000325fd00000,0x000000325fe00000) (1024K)]
  0x000001a4db1be2b0 JavaThread "Java indexing"              daemon [_thread_blocked, id=11584, stack(0x000000325fb00000,0x000000325fc00000) (1024K)]
  0x000001a4e08335a0 JavaThread "Worker-3"                          [_thread_blocked, id=16828, stack(0x0000003260400000,0x0000003260500000) (1024K)]
  0x000001a4e0830120 JavaThread "Thread-1"                   daemon [_thread_in_native, id=18632, stack(0x0000003260500000,0x0000003260600000) (1024K)]
  0x000001a4e0830e40 JavaThread "Thread-2"                   daemon [_thread_in_native, id=27352, stack(0x0000003260600000,0x0000003260700000) (1024K)]
  0x000001a4e08307b0 JavaThread "Thread-3"                   daemon [_thread_in_native, id=12236, stack(0x0000003260700000,0x0000003260800000) (1024K)]
  0x000001a4e0833c30 JavaThread "Thread-4"                   daemon [_thread_in_native, id=26504, stack(0x0000003260800000,0x0000003260900000) (1024K)]
  0x000001a4e0834950 JavaThread "Thread-5"                   daemon [_thread_in_native, id=19328, stack(0x0000003260900000,0x0000003260a00000) (1024K)]
  0x000001a4e0832f10 JavaThread "Thread-6"                   daemon [_thread_in_native, id=18892, stack(0x0000003260a00000,0x0000003260b00000) (1024K)]
  0x000001a4e0834fe0 JavaThread "Thread-7"                   daemon [_thread_in_native, id=5304, stack(0x0000003260b00000,0x0000003260c00000) (1024K)]
  0x000001a4e0832880 JavaThread "Thread-8"                   daemon [_thread_in_native, id=15732, stack(0x0000003260c00000,0x0000003260d00000) (1024K)]
  0x000001a4e08321f0 JavaThread "Thread-9"                   daemon [_thread_in_native, id=13356, stack(0x0000003260d00000,0x0000003260e00000) (1024K)]
  0x000001a4e08342c0 JavaThread "Thread-10"                  daemon [_thread_in_native, id=27412, stack(0x0000003260e00000,0x0000003260f00000) (1024K)]
  0x000001a4e0831b60 JavaThread "Thread-11"                  daemon [_thread_in_native, id=26896, stack(0x0000003260f00000,0x0000003261000000) (1024K)]
  0x000001a4e0835670 JavaThread "Thread-12"                  daemon [_thread_in_native, id=17184, stack(0x0000003261000000,0x0000003261100000) (1024K)]
  0x000001a4e0835d00 JavaThread "Thread-13"                  daemon [_thread_in_native, id=15212, stack(0x0000003261100000,0x0000003261200000) (1024K)]
  0x000001a4e0836390 JavaThread "pool-2-thread-1"                   [_thread_blocked, id=27024, stack(0x0000003261200000,0x0000003261300000) (1024K)]
  0x000001a4e0836a20 JavaThread "WorkspaceEventsHandler"            [_thread_blocked, id=15328, stack(0x0000003261300000,0x0000003261400000) (1024K)]
  0x000001a4e08370b0 JavaThread "pool-1-thread-1"                   [_thread_blocked, id=26940, stack(0x0000003261400000,0x0000003261500000) (1024K)]
  0x000001a4e2be3450 JavaThread "Cleaner-0"                  daemon [_thread_blocked, id=14152, stack(0x000000325fa00000,0x000000325fb00000) (1024K)]
  0x000001a4e2be1380 JavaThread "Worker-4"                          [_thread_blocked, id=15832, stack(0x000000325dc00000,0x000000325dd00000) (1024K)]
Total: 39

Other Threads:
  0x000001a481faf850 VMThread "VM Thread"                           [id=7240, stack(0x000000325e000000,0x000000325e100000) (1024K)]
  0x000001a49889ba00 WatcherThread "VM Periodic Task Thread"        [id=17016, stack(0x000000325df00000,0x000000325e000000) (1024K)]
  0x000001a481f31cf0 WorkerThread "GC Thread#0"                     [id=13432, stack(0x000000325de00000,0x000000325df00000) (1024K)]
  0x000001a4e03a41e0 WorkerThread "GC Thread#1"                     [id=15528, stack(0x000000325eb00000,0x000000325ec00000) (1024K)]
  0x000001a4e0064d80 WorkerThread "GC Thread#2"                     [id=23120, stack(0x000000325ec00000,0x000000325ed00000) (1024K)]
  0x000001a4e0065130 WorkerThread "GC Thread#3"                     [id=23376, stack(0x000000325ed00000,0x000000325ee00000) (1024K)]
  0x000001a4e0066050 WorkerThread "GC Thread#4"                     [id=2608, stack(0x000000325ee00000,0x000000325ef00000) (1024K)]
  0x000001a4e0218050 WorkerThread "GC Thread#5"                     [id=14904, stack(0x000000325ef00000,0x000000325f000000) (1024K)]
  0x000001a4e0219020 WorkerThread "GC Thread#6"                     [id=15756, stack(0x000000325f000000,0x000000325f100000) (1024K)]
  0x000001a481fce740 WorkerThread "GC Thread#7"                     [id=18696, stack(0x000000325f200000,0x000000325f300000) (1024K)]
  0x000001a4e006b0e0 WorkerThread "GC Thread#8"                     [id=4172, stack(0x000000325f600000,0x000000325f700000) (1024K)]
  0x000001a4e006b490 WorkerThread "GC Thread#9"                     [id=5740, stack(0x000000325f700000,0x000000325f800000) (1024K)]
Total: 12

Threads with active compile tasks:
Total: 0

VM state: not at safepoint (normal execution)

VM Mutex/Monitor currently owned by a thread: None

Heap address: 0x0000000080000000, size: 2048 MB, Compressed Oops mode: 32-bit

CDS archive(s) mapped at: [0x000001a499000000-0x000001a499ba0000-0x000001a499ba0000), size 12189696, SharedBaseAddress: 0x000001a499000000, ArchiveRelocationMode: 1.
Compressed class space mapped at: 0x000001a49a000000-0x000001a4da000000, reserved size: 1073741824
Narrow klass base: 0x000001a499000000, Narrow klass shift: 0, Narrow klass range: 0x100000000

GC Precious Log:
 CardTable entry size: 512
 CPUs: 12 total, 12 available
 Memory: 7877M
 Large Page Support: Disabled
 NUMA Support: Disabled
 Compressed Oops: Enabled (32-bit)
 Alignments: Space 512K, Generation 512K, Heap 2M
 Heap Min Capacity: 100M
 Heap Initial Capacity: 100M
 Heap Max Capacity: 2G
 Pre-touch: Disabled
 Parallel Workers: 10

Heap:
 PSYoungGen      total 18944K, used 1294K [0x00000000d5580000, 0x00000000d6a80000, 0x0000000100000000)
  eden space 18432K, 5% used [0x00000000d5580000,0x00000000d567bb98,0x00000000d6780000)
  from space 512K, 56% used [0x00000000d6a00000,0x00000000d6a48000,0x00000000d6a80000)
  to   space 512K, 0% used [0x00000000d6780000,0x00000000d6780000,0x00000000d6800000)
 ParOldGen       total 69632K, used 69399K [0x0000000080000000, 0x0000000084400000, 0x00000000d5580000)
  object space 69632K, 99% used [0x0000000080000000,0x00000000843c5c30,0x0000000084400000)
 Metaspace       used 74148K, committed 75712K, reserved 1179648K
  class space    used 7897K, committed 8576K, reserved 1048576K

Card table byte_map: [0x000001a4818e0000,0x000001a481cf0000] _byte_map_base: 0x000001a4814e0000

Marking Bits: (ParMarkBitMap*) 0x00007ffa27bd3450
 Begin Bits: [0x000001a4943c0000, 0x000001a4963c0000)
 End Bits:   [0x000001a4963c0000, 0x000001a4983c0000)

Polling page: 0x000001a4816d0000

Metaspace:

Usage:
  Non-class:     64.70 MB used.
      Class:      7.71 MB used.
       Both:     72.41 MB used.

Virtual space:
  Non-class space:      128.00 MB reserved,      65.56 MB ( 51%) committed,  2 nodes.
      Class space:        1.00 GB reserved,       8.38 MB ( <1%) committed,  1 nodes.
             Both:        1.12 GB reserved,      73.94 MB (  6%) committed. 

Chunk freelists:
   Non-Class:  14.01 MB
       Class:  7.50 MB
        Both:  21.51 MB

MaxMetaspaceSize: unlimited
CompressedClassSpaceSize: 1.00 GB
Initial GC threshold: 21.00 MB
Current GC threshold: 97.31 MB
CDS: on
 - commit_granule_bytes: 65536.
 - commit_granule_words: 8192.
 - virtual_space_node_default_size: 8388608.
 - enlarge_chunks_in_place: 1.
 - use_allocation_guard: 0.


Internal statistics:

num_allocs_failed_limit: 9.
num_arena_births: 1352.
num_arena_deaths: 22.
num_vsnodes_births: 3.
num_vsnodes_deaths: 0.
num_space_committed: 1183.
num_space_uncommitted: 0.
num_chunks_returned_to_freelist: 34.
num_chunks_taken_from_freelist: 4725.
num_chunk_merges: 15.
num_chunk_splits: 2874.
num_chunks_enlarged: 1606.
num_inconsistent_stats: 0.

CodeHeap 'non-profiled nmethods': size=120000Kb used=8645Kb max_used=8645Kb free=111354Kb
 bounds [0x000001a48cbe0000, 0x000001a48d460000, 0x000001a494110000]
CodeHeap 'profiled nmethods': size=120000Kb used=25904Kb max_used=25904Kb free=94095Kb
 bounds [0x000001a485110000, 0x000001a486a60000, 0x000001a48c640000]
CodeHeap 'non-nmethods': size=5760Kb used=1497Kb max_used=1561Kb free=4262Kb
 bounds [0x000001a48c640000, 0x000001a48c8b0000, 0x000001a48cbe0000]
CodeCache: size=245760Kb, used=36046Kb, max_used=36110Kb, free=209711Kb
 total_blobs=12266, nmethods=11452, adapters=718, full_count=0
Compilation: enabled, stopped_count=0, restarted_count=0

Compilation events (20 events):
Event: 2668.098 Thread 0x000001a481fc0b90 12253       4       org.eclipse.core.internal.filesystem.local.Win32Handler::toLongWindowsPath (47 bytes)
Event: 2668.134 Thread 0x000001a481fc0b90 nmethod 12253 0x000001a48d44c890 code [0x000001a48d44ca60, 0x000001a48d44d078]
Event: 2672.293 Thread 0x000001a481fc6760 12254       1       org.eclipse.lsp4j.DidChangeWatchedFilesParams::getChanges (5 bytes)
Event: 2672.294 Thread 0x000001a481fc6760 nmethod 12254 0x000001a48d44d610 code [0x000001a48d44d7a0, 0x000001a48d44d868]
Event: 2827.228 Thread 0x000001a481fc6760 12255   !   3       java.util.concurrent.locks.AbstractQueuedSynchronizer$ConditionObject::await (180 bytes)
Event: 2827.276 Thread 0x000001a481fc6760 nmethod 12255 0x000001a486a54f90 code [0x000001a486a55300, 0x000001a486a56780]
Event: 2835.588 Thread 0x000001a481fc0b90 12256       4       org.eclipse.jdt.ls.core.internal.filesystem.JLSFile::getChild (121 bytes)
Event: 2835.654 Thread 0x000001a481fc0b90 nmethod 12256 0x000001a48d44d910 code [0x000001a48d44dc20, 0x000001a48d44e798]
Event: 2848.534 Thread 0x000001a481fc6760 12257   !   3       sun.nio.ch.WindowsAsynchronousFileChannelImpl$ReadTask::run (288 bytes)
Event: 2848.556 Thread 0x000001a481fc6760 nmethod 12257 0x000001a486a56f90 code [0x000001a486a57500, 0x000001a486a5a1a0]
Event: 3037.303 Thread 0x000001a481fc6760 12258   !   3       java.lang.Boolean::getBoolean (16 bytes)
Event: 3037.310 Thread 0x000001a481fc6760 nmethod 12258 0x000001a486a5b610 code [0x000001a486a5b800, 0x000001a486a5bc38]
Event: 3040.714 Thread 0x000001a481fc0b90 12259  s    4       org.eclipse.core.internal.filesystem.InternalFileSystemCore::getFileSystemRegistry (156 bytes)
Event: 3040.762 Thread 0x000001a481fc0b90 nmethod 12259 0x000001a48d44f290 code [0x000001a48d44f420, 0x000001a48d44f610]
Event: 3040.762 Thread 0x000001a481fc0b90 12260   !   4       org.eclipse.core.internal.filesystem.InternalFileSystemCore::getFileSystem (141 bytes)
Event: 3040.898 Thread 0x000001a481fc0b90 nmethod 12260 0x000001a48d44f710 code [0x000001a48d44f920, 0x000001a48d450148]
Event: 3051.077 Thread 0x000001a481fc6760 12261       3       org.eclipse.lsp4j.jsonrpc.messages.NotificationMessage::<init> (5 bytes)
Event: 3051.079 Thread 0x000001a481fc6760 nmethod 12261 0x000001a486a5be10 code [0x000001a486a5bfc0, 0x000001a486a5c1a8]
Event: 3051.085 Thread 0x000001a481fc0b90 12262       4       org.eclipse.jdt.ls.core.internal.filesystem.JLSFileSystem::getStore (76 bytes)
Event: 3051.107 Thread 0x000001a481fc0b90 nmethod 12262 0x000001a48d450710 code [0x000001a48d450940, 0x000001a48d450f68]

GC Heap History (20 events):
Event: 66.498 GC heap before
{Heap before GC invocations=46 (full 3):
 PSYoungGen      total 22016K, used 21920K [0x00000000d5580000, 0x00000000d6f80000, 0x0000000100000000)
  eden space 19968K, 100% used [0x00000000d5580000,0x00000000d6900000,0x00000000d6900000)
  from space 2048K, 95% used [0x00000000d6d80000,0x00000000d6f68010,0x00000000d6f80000)
  to   space 2560K, 0% used [0x00000000d6a80000,0x00000000d6a80000,0x00000000d6d00000)
 ParOldGen       total 68608K, used 52493K [0x0000000080000000, 0x0000000084300000, 0x00000000d5580000)
  object space 68608K, 76% used [0x0000000080000000,0x0000000083343750,0x0000000084300000)
 Metaspace       used 66100K, committed 67584K, reserved 1114112K
  class space    used 7208K, committed 7808K, reserved 1048576K
}
Event: 66.503 GC heap after
{Heap after GC invocations=46 (full 3):
 PSYoungGen      total 22528K, used 2540K [0x00000000d5580000, 0x00000000d7300000, 0x0000000100000000)
  eden space 19968K, 0% used [0x00000000d5580000,0x00000000d5580000,0x00000000d6900000)
  from space 2560K, 99% used [0x00000000d6a80000,0x00000000d6cfb1b0,0x00000000d6d00000)
  to   space 5120K, 0% used [0x00000000d6e00000,0x00000000d6e00000,0x00000000d7300000)
 ParOldGen       total 68608K, used 54347K [0x0000000080000000, 0x0000000084300000, 0x00000000d5580000)
  object space 68608K, 79% used [0x0000000080000000,0x0000000083512e88,0x0000000084300000)
 Metaspace       used 66100K, committed 67584K, reserved 1114112K
  class space    used 7208K, committed 7808K, reserved 1048576K
}
Event: 67.174 GC heap before
{Heap before GC invocations=47 (full 3):
 PSYoungGen      total 22528K, used 22508K [0x00000000d5580000, 0x00000000d7300000, 0x0000000100000000)
  eden space 19968K, 100% used [0x00000000d5580000,0x00000000d6900000,0x00000000d6900000)
  from space 2560K, 99% used [0x00000000d6a80000,0x00000000d6cfb1b0,0x00000000d6d00000)
  to   space 5120K, 0% used [0x00000000d6e00000,0x00000000d6e00000,0x00000000d7300000)
 ParOldGen       total 68608K, used 54347K [0x0000000080000000, 0x0000000084300000, 0x00000000d5580000)
  object space 68608K, 79% used [0x0000000080000000,0x0000000083512e88,0x0000000084300000)
 Metaspace       used 67308K, committed 68864K, reserved 1114112K
  class space    used 7244K, committed 7872K, reserved 1048576K
}
Event: 67.180 GC heap after
{Heap after GC invocations=47 (full 3):
 PSYoungGen      total 23552K, used 3520K [0x00000000d5580000, 0x00000000d7180000, 0x0000000100000000)
  eden space 19968K, 0% used [0x00000000d5580000,0x00000000d5580000,0x00000000d6900000)
  from space 3584K, 98% used [0x00000000d6e00000,0x00000000d7170000,0x00000000d7180000)
  to   space 4096K, 0% used [0x00000000d6980000,0x00000000d6980000,0x00000000d6d80000)
 ParOldGen       total 68608K, used 56756K [0x0000000080000000, 0x0000000084300000, 0x00000000d5580000)
  object space 68608K, 82% used [0x0000000080000000,0x000000008376d030,0x0000000084300000)
 Metaspace       used 67308K, committed 68864K, reserved 1114112K
  class space    used 7244K, committed 7872K, reserved 1048576K
}
Event: 68.217 GC heap before
{Heap before GC invocations=48 (full 3):
 PSYoungGen      total 23552K, used 23488K [0x00000000d5580000, 0x00000000d7180000, 0x0000000100000000)
  eden space 19968K, 100% used [0x00000000d5580000,0x00000000d6900000,0x00000000d6900000)
  from space 3584K, 98% used [0x00000000d6e00000,0x00000000d7170000,0x00000000d7180000)
  to   space 4096K, 0% used [0x00000000d6980000,0x00000000d6980000,0x00000000d6d80000)
 ParOldGen       total 68608K, used 56756K [0x0000000080000000, 0x0000000084300000, 0x00000000d5580000)
  object space 68608K, 82% used [0x0000000080000000,0x000000008376d030,0x0000000084300000)
 Metaspace       used 68002K, committed 69568K, reserved 1114112K
  class space    used 7320K, committed 8000K, reserved 1048576K
}
Event: 68.222 GC heap after
{Heap after GC invocations=48 (full 3):
 PSYoungGen      total 23040K, used 2640K [0x00000000d5580000, 0x00000000d6f00000, 0x0000000100000000)
  eden space 19968K, 0% used [0x00000000d5580000,0x00000000d5580000,0x00000000d6900000)
  from space 3072K, 85% used [0x00000000d6980000,0x00000000d6c14010,0x00000000d6c80000)
  to   space 2560K, 0% used [0x00000000d6c80000,0x00000000d6c80000,0x00000000d6f00000)
 ParOldGen       total 68608K, used 60035K [0x0000000080000000, 0x0000000084300000, 0x00000000d5580000)
  object space 68608K, 87% used [0x0000000080000000,0x0000000083aa0c60,0x0000000084300000)
 Metaspace       used 68002K, committed 69568K, reserved 1114112K
  class space    used 7320K, committed 8000K, reserved 1048576K
}
Event: 102.206 GC heap before
{Heap before GC invocations=49 (full 3):
 PSYoungGen      total 23040K, used 22606K [0x00000000d5580000, 0x00000000d6f00000, 0x0000000100000000)
  eden space 19968K, 99% used [0x00000000d5580000,0x00000000d68ff838,0x00000000d6900000)
  from space 3072K, 85% used [0x00000000d6980000,0x00000000d6c14010,0x00000000d6c80000)
  to   space 2560K, 0% used [0x00000000d6c80000,0x00000000d6c80000,0x00000000d6f00000)
 ParOldGen       total 68608K, used 60035K [0x0000000080000000, 0x0000000084300000, 0x00000000d5580000)
  object space 68608K, 87% used [0x0000000080000000,0x0000000083aa0c60,0x0000000084300000)
 Metaspace       used 69451K, committed 71040K, reserved 1114112K
  class space    used 7478K, committed 8128K, reserved 1048576K
}
Event: 102.208 GC heap after
{Heap after GC invocations=49 (full 3):
 PSYoungGen      total 20992K, used 730K [0x00000000d5580000, 0x00000000d6d80000, 0x0000000100000000)
  eden space 19968K, 0% used [0x00000000d5580000,0x00000000d5580000,0x00000000d6900000)
  from space 1024K, 71% used [0x00000000d6c80000,0x00000000d6d368e8,0x00000000d6d80000)
  to   space 1536K, 0% used [0x00000000d6a80000,0x00000000d6a80000,0x00000000d6c00000)
 ParOldGen       total 68608K, used 61287K [0x0000000080000000, 0x0000000084300000, 0x00000000d5580000)
  object space 68608K, 89% used [0x0000000080000000,0x0000000083bd9d68,0x0000000084300000)
 Metaspace       used 69451K, committed 71040K, reserved 1114112K
  class space    used 7478K, committed 8128K, reserved 1048576K
}
Event: 102.822 GC heap before
{Heap before GC invocations=50 (full 3):
 PSYoungGen      total 20992K, used 20698K [0x00000000d5580000, 0x00000000d6d80000, 0x0000000100000000)
  eden space 19968K, 100% used [0x00000000d5580000,0x00000000d6900000,0x00000000d6900000)
  from space 1024K, 71% used [0x00000000d6c80000,0x00000000d6d368e8,0x00000000d6d80000)
  to   space 1536K, 0% used [0x00000000d6a80000,0x00000000d6a80000,0x00000000d6c00000)
 ParOldGen       total 68608K, used 61287K [0x0000000080000000, 0x0000000084300000, 0x00000000d5580000)
  object space 68608K, 89% used [0x0000000080000000,0x0000000083bd9d68,0x0000000084300000)
 Metaspace       used 71750K, committed 73344K, reserved 1179648K
  class space    used 7696K, committed 8384K, reserved 1048576K
}
Event: 102.823 GC heap after
{Heap after GC invocations=50 (full 3):
 PSYoungGen      total 21504K, used 1531K [0x00000000d5580000, 0x00000000d6e00000, 0x0000000100000000)
  eden space 19968K, 0% used [0x00000000d5580000,0x00000000d5580000,0x00000000d6900000)
  from space 1536K, 99% used [0x00000000d6a80000,0x00000000d6bfecb8,0x00000000d6c00000)
  to   space 2048K, 0% used [0x00000000d6c00000,0x00000000d6c00000,0x00000000d6e00000)
 ParOldGen       total 68608K, used 61945K [0x0000000080000000, 0x0000000084300000, 0x00000000d5580000)
  object space 68608K, 90% used [0x0000000080000000,0x0000000083c7e678,0x0000000084300000)
 Metaspace       used 71750K, committed 73344K, reserved 1179648K
  class space    used 7696K, committed 8384K, reserved 1048576K
}
Event: 103.050 GC heap before
{Heap before GC invocations=51 (full 3):
 PSYoungGen      total 21504K, used 21499K [0x00000000d5580000, 0x00000000d6e00000, 0x0000000100000000)
  eden space 19968K, 100% used [0x00000000d5580000,0x00000000d6900000,0x00000000d6900000)
  from space 1536K, 99% used [0x00000000d6a80000,0x00000000d6bfecb8,0x00000000d6c00000)
  to   space 2048K, 0% used [0x00000000d6c00000,0x00000000d6c00000,0x00000000d6e00000)
 ParOldGen       total 68608K, used 61945K [0x0000000080000000, 0x0000000084300000, 0x00000000d5580000)
  object space 68608K, 90% used [0x0000000080000000,0x0000000083c7e678,0x0000000084300000)
 Metaspace       used 72954K, committed 74560K, reserved 1179648K
  class space    used 7812K, committed 8512K, reserved 1048576K
}
Event: 103.054 GC heap after
{Heap after GC invocations=51 (full 3):
 PSYoungGen      total 20480K, used 2029K [0x00000000d5580000, 0x00000000d7200000, 0x0000000100000000)
  eden space 18432K, 0% used [0x00000000d5580000,0x00000000d5580000,0x00000000d6780000)
  from space 2048K, 99% used [0x00000000d6c00000,0x00000000d6dfb760,0x00000000d6e00000)
  to   space 4608K, 0% used [0x00000000d6780000,0x00000000d6780000,0x00000000d6c00000)
 ParOldGen       total 68608K, used 63970K [0x0000000080000000, 0x0000000084300000, 0x00000000d5580000)
  object space 68608K, 93% used [0x0000000080000000,0x0000000083e789e8,0x0000000084300000)
 Metaspace       used 72954K, committed 74560K, reserved 1179648K
  class space    used 7812K, committed 8512K, reserved 1048576K
}
Event: 614.518 GC heap before
{Heap before GC invocations=52 (full 3):
 PSYoungGen      total 20480K, used 20461K [0x00000000d5580000, 0x00000000d7200000, 0x0000000100000000)
  eden space 18432K, 100% used [0x00000000d5580000,0x00000000d6780000,0x00000000d6780000)
  from space 2048K, 99% used [0x00000000d6c00000,0x00000000d6dfb760,0x00000000d6e00000)
  to   space 4608K, 0% used [0x00000000d6780000,0x00000000d6780000,0x00000000d6c00000)
 ParOldGen       total 68608K, used 63970K [0x0000000080000000, 0x0000000084300000, 0x00000000d5580000)
  object space 68608K, 93% used [0x0000000080000000,0x0000000083e789e8,0x0000000084300000)
 Metaspace       used 73675K, committed 75264K, reserved 1179648K
  class space    used 7872K, committed 8576K, reserved 1048576K
}
Event: 614.594 GC heap after
{Heap after GC invocations=52 (full 3):
 PSYoungGen      total 22528K, used 3893K [0x00000000d5580000, 0x00000000d6f80000, 0x0000000100000000)
  eden space 18432K, 0% used [0x00000000d5580000,0x00000000d5580000,0x00000000d6780000)
  from space 4096K, 95% used [0x00000000d6780000,0x00000000d6b4d440,0x00000000d6b80000)
  to   space 4096K, 0% used [0x00000000d6b80000,0x00000000d6b80000,0x00000000d6f80000)
 ParOldGen       total 68608K, used 65432K [0x0000000080000000, 0x0000000084300000, 0x00000000d5580000)
  object space 68608K, 95% used [0x0000000080000000,0x0000000083fe6218,0x0000000084300000)
 Metaspace       used 73675K, committed 75264K, reserved 1179648K
  class space    used 7872K, committed 8576K, reserved 1048576K
}
Event: 616.651 GC heap before
{Heap before GC invocations=53 (full 3):
 PSYoungGen      total 22528K, used 22325K [0x00000000d5580000, 0x00000000d6f80000, 0x0000000100000000)
  eden space 18432K, 100% used [0x00000000d5580000,0x00000000d6780000,0x00000000d6780000)
  from space 4096K, 95% used [0x00000000d6780000,0x00000000d6b4d440,0x00000000d6b80000)
  to   space 4096K, 0% used [0x00000000d6b80000,0x00000000d6b80000,0x00000000d6f80000)
 ParOldGen       total 68608K, used 65432K [0x0000000080000000, 0x0000000084300000, 0x00000000d5580000)
  object space 68608K, 95% used [0x0000000080000000,0x0000000083fe6218,0x0000000084300000)
 Metaspace       used 73959K, committed 75520K, reserved 1179648K
  class space    used 7894K, committed 8576K, reserved 1048576K
}
Event: 616.655 GC heap after
{Heap after GC invocations=53 (full 3):
 PSYoungGen      total 22528K, used 3775K [0x00000000d5580000, 0x00000000d6f80000, 0x0000000100000000)
  eden space 18432K, 0% used [0x00000000d5580000,0x00000000d5580000,0x00000000d6780000)
  from space 4096K, 92% used [0x00000000d6b80000,0x00000000d6f2fef0,0x00000000d6f80000)
  to   space 4096K, 0% used [0x00000000d6780000,0x00000000d6780000,0x00000000d6b80000)
 ParOldGen       total 68608K, used 65842K [0x0000000080000000, 0x0000000084300000, 0x00000000d5580000)
  object space 68608K, 95% used [0x0000000080000000,0x000000008404cb58,0x0000000084300000)
 Metaspace       used 73959K, committed 75520K, reserved 1179648K
  class space    used 7894K, committed 8576K, reserved 1048576K
}
Event: 2094.447 GC heap before
{Heap before GC invocations=54 (full 3):
 PSYoungGen      total 22528K, used 22207K [0x00000000d5580000, 0x00000000d6f80000, 0x0000000100000000)
  eden space 18432K, 100% used [0x00000000d5580000,0x00000000d6780000,0x00000000d6780000)
  from space 4096K, 92% used [0x00000000d6b80000,0x00000000d6f2fef0,0x00000000d6f80000)
  to   space 4096K, 0% used [0x00000000d6780000,0x00000000d6780000,0x00000000d6b80000)
 ParOldGen       total 68608K, used 65842K [0x0000000080000000, 0x0000000084300000, 0x00000000d5580000)
  object space 68608K, 95% used [0x0000000080000000,0x000000008404cb58,0x0000000084300000)
 Metaspace       used 74092K, committed 75712K, reserved 1179648K
  class space    used 7896K, committed 8576K, reserved 1048576K
}
Event: 2094.487 GC heap after
{Heap after GC invocations=54 (full 3):
 PSYoungGen      total 18944K, used 256K [0x00000000d5580000, 0x00000000d6c00000, 0x0000000100000000)
  eden space 18432K, 0% used [0x00000000d5580000,0x00000000d5580000,0x00000000d6780000)
  from space 512K, 50% used [0x00000000d6780000,0x00000000d67c0000,0x00000000d6800000)
  to   space 2048K, 0% used [0x00000000d6a00000,0x00000000d6a00000,0x00000000d6c00000)
 ParOldGen       total 69632K, used 69319K [0x0000000080000000, 0x0000000084400000, 0x00000000d5580000)
  object space 69632K, 99% used [0x0000000080000000,0x00000000843b1c30,0x0000000084400000)
 Metaspace       used 74092K, committed 75712K, reserved 1179648K
  class space    used 7896K, committed 8576K, reserved 1048576K
}
Event: 2982.635 GC heap before
{Heap before GC invocations=55 (full 3):
 PSYoungGen      total 18944K, used 18688K [0x00000000d5580000, 0x00000000d6c00000, 0x0000000100000000)
  eden space 18432K, 100% used [0x00000000d5580000,0x00000000d6780000,0x00000000d6780000)
  from space 512K, 50% used [0x00000000d6780000,0x00000000d67c0000,0x00000000d6800000)
  to   space 2048K, 0% used [0x00000000d6a00000,0x00000000d6a00000,0x00000000d6c00000)
 ParOldGen       total 69632K, used 69319K [0x0000000080000000, 0x0000000084400000, 0x00000000d5580000)
  object space 69632K, 99% used [0x0000000080000000,0x00000000843b1c30,0x0000000084400000)
 Metaspace       used 74147K, committed 75712K, reserved 1179648K
  class space    used 7897K, committed 8576K, reserved 1048576K
}
Event: 2982.690 GC heap after
{Heap after GC invocations=55 (full 3):
 PSYoungGen      total 18944K, used 288K [0x00000000d5580000, 0x00000000d6a80000, 0x0000000100000000)
  eden space 18432K, 0% used [0x00000000d5580000,0x00000000d5580000,0x00000000d6780000)
  from space 512K, 56% used [0x00000000d6a00000,0x00000000d6a48000,0x00000000d6a80000)
  to   space 512K, 0% used [0x00000000d6780000,0x00000000d6780000,0x00000000d6800000)
 ParOldGen       total 69632K, used 69399K [0x0000000080000000, 0x0000000084400000, 0x00000000d5580000)
  object space 69632K, 99% used [0x0000000080000000,0x00000000843c5c30,0x0000000084400000)
 Metaspace       used 74147K, committed 75712K, reserved 1179648K
  class space    used 7897K, committed 8576K, reserved 1048576K
}

Dll operation events (12 events):
Event: 0.019 Loaded shared library c:\Users\Felipe Gabriel\.vscode\extensions\redhat.java-1.54.0-win32-x64\jre\21.0.10-win32-x86_64\bin\java.dll
Event: 0.142 Loaded shared library c:\Users\Felipe Gabriel\.vscode\extensions\redhat.java-1.54.0-win32-x64\jre\21.0.10-win32-x86_64\bin\zip.dll
Event: 0.174 Loaded shared library C:\Users\Felipe Gabriel\.vscode\extensions\redhat.java-1.54.0-win32-x64\jre\21.0.10-win32-x86_64\bin\instrument.dll
Event: 0.182 Loaded shared library C:\Users\Felipe Gabriel\.vscode\extensions\redhat.java-1.54.0-win32-x64\jre\21.0.10-win32-x86_64\bin\net.dll
Event: 0.184 Loaded shared library C:\Users\Felipe Gabriel\.vscode\extensions\redhat.java-1.54.0-win32-x64\jre\21.0.10-win32-x86_64\bin\nio.dll
Event: 0.187 Loaded shared library C:\Users\Felipe Gabriel\.vscode\extensions\redhat.java-1.54.0-win32-x64\jre\21.0.10-win32-x86_64\bin\zip.dll
Event: 0.213 Loaded shared library C:\Users\Felipe Gabriel\.vscode\extensions\redhat.java-1.54.0-win32-x64\jre\21.0.10-win32-x86_64\bin\jimage.dll
Event: 0.351 Loaded shared library c:\Users\Felipe Gabriel\.vscode\extensions\redhat.java-1.54.0-win32-x64\jre\21.0.10-win32-x86_64\bin\verify.dll
Event: 15.760 Loaded shared library C:\Users\Felipe Gabriel\AppData\Roaming\Code\User\globalStorage\redhat.java\1.54.0\config_win\org.eclipse.equinox.launcher\org.eclipse.equinox.launcher.win32.win32.x86_64_1.3.0.v20260203-2149\eclipse_11919.dll
Event: 28.591 Loaded shared library C:\Users\Felipe Gabriel\AppData\Local\Temp\jna--547907529\jna12354151839371349062.dll
Event: 29.829 Loaded shared library C:\Users\Felipe Gabriel\.vscode\extensions\redhat.java-1.54.0-win32-x64\jre\21.0.10-win32-x86_64\bin\sunmscapi.dll
Event: 30.319 Loaded shared library C:\Users\Felipe Gabriel\.vscode\extensions\redhat.java-1.54.0-win32-x64\jre\21.0.10-win32-x86_64\bin\extnet.dll

Deoptimization events (20 events):
Event: 614.867 Thread 0x000001a4db1be2b0 Uncommon trap: trap_request=0xffffff45 fr.pc=0x000001a48d3e4984 relative=0x00000000000014e4
Event: 614.867 Thread 0x000001a4db1be2b0 Uncommon trap: reason=unstable_if action=reinterpret pc=0x000001a48d3e4984 method=org.eclipse.jdt.internal.core.index.DiskIndex.mergeCategory([CLorg/eclipse/jdt/internal/core/index/DiskIndex;[ILjava/io/OutputStream;)V @ 152 c2
Event: 614.867 Thread 0x000001a4db1be2b0 DEOPT PACKING pc=0x000001a48d3e4984 sp=0x000000325fbfec00
Event: 614.867 Thread 0x000001a4db1be2b0 DEOPT UNPACKING pc=0x000001a48c693aa2 sp=0x000000325fbfebc0 mode 2
Event: 614.873 Thread 0x000001a4db1be2b0 DEOPT PACKING pc=0x000001a486942ba5 sp=0x000000325fbfeb30
Event: 614.873 Thread 0x000001a4db1be2b0 DEOPT UNPACKING pc=0x000001a48c694242 sp=0x000000325fbfdfc8 mode 0
Event: 614.897 Thread 0x000001a4db1be2b0 Uncommon trap: trap_request=0xffffff45 fr.pc=0x000001a48d3ea6d4 relative=0x0000000000001114
Event: 614.897 Thread 0x000001a4db1be2b0 Uncommon trap: reason=unstable_if action=reinterpret pc=0x000001a48d3ea6d4 method=org.eclipse.jdt.internal.core.index.DiskIndex.writeCategoryTable([CLorg/eclipse/jdt/internal/compiler/util/HashtableOfObject;Ljava/io/OutputStream;)V @ 248 c2
Event: 614.897 Thread 0x000001a4db1be2b0 DEOPT PACKING pc=0x000001a48d3ea6d4 sp=0x000000325fbfeb30
Event: 614.897 Thread 0x000001a4db1be2b0 DEOPT UNPACKING pc=0x000001a48c693aa2 sp=0x000000325fbfeb00 mode 2
Event: 615.089 Thread 0x000001a4db1be2b0 DEOPT PACKING pc=0x000001a48626a7e5 sp=0x000000325fbfe940
Event: 615.089 Thread 0x000001a4db1be2b0 DEOPT UNPACKING pc=0x000001a48c694242 sp=0x000000325fbfdd58 mode 0
Event: 615.148 Thread 0x000001a4db1be2b0 Uncommon trap: trap_request=0xffffff6e fr.pc=0x000001a48d3ecf8c relative=0x00000000000008ac
Event: 615.148 Thread 0x000001a4db1be2b0 Uncommon trap: reason=loop_limit_check action=maybe_recompile pc=0x000001a48d3ecf8c method=org.eclipse.jdt.internal.compiler.util.HashtableOfObject.rehash()V @ 56 c2
Event: 615.148 Thread 0x000001a4db1be2b0 DEOPT PACKING pc=0x000001a48d3ecf8c sp=0x000000325fbfeaa0
Event: 615.148 Thread 0x000001a4db1be2b0 DEOPT UNPACKING pc=0x000001a48c693aa2 sp=0x000000325fbfea38 mode 2
Event: 914.645 Thread 0x000001a4e08335a0 DEOPT PACKING pc=0x000001a4862c087d sp=0x00000032604fe900
Event: 914.645 Thread 0x000001a4e08335a0 DEOPT UNPACKING pc=0x000001a48c694242 sp=0x00000032604fddd8 mode 0
Event: 1203.996 Thread 0x000001a4e0836a20 DEOPT PACKING pc=0x000001a486275541 sp=0x00000032613fe6f0
Event: 1203.997 Thread 0x000001a4e0836a20 DEOPT UNPACKING pc=0x000001a48c694242 sp=0x00000032613fdbd0 mode 0

Classes loaded (20 events):
Event: 102.661 Loading class java/lang/UnsupportedClassVersionError
Event: 102.661 Loading class java/lang/UnsupportedClassVersionError done
Event: 102.939 Loading class jdk/internal/ref/CleanerImpl$InnocuousThreadFactory
Event: 102.940 Loading class jdk/internal/ref/CleanerImpl$InnocuousThreadFactory done
Event: 364.310 Loading class java/util/stream/Nodes$CollectorTask$OfRef
Event: 364.335 Loading class java/util/stream/Nodes$CollectorTask
Event: 364.337 Loading class java/util/stream/Nodes$CollectorTask done
Event: 364.337 Loading class java/util/stream/Nodes$CollectorTask$OfRef done
Event: 364.340 Loading class java/util/function/LongFunction
Event: 364.341 Loading class java/util/function/LongFunction done
Event: 364.346 Loading class java/util/stream/Nodes$ConcNode
Event: 364.363 Loading class java/util/stream/Nodes$AbstractConcNode
Event: 364.373 Loading class java/util/stream/Nodes$AbstractConcNode done
Event: 364.373 Loading class java/util/stream/Nodes$ConcNode done
Event: 364.518 Loading class java/io/ObjectOutputStream$BlockDataOutputStream
Event: 364.520 Loading class java/io/ObjectOutputStream$BlockDataOutputStream done
Event: 364.521 Loading class java/io/ObjectOutputStream$HandleTable
Event: 364.522 Loading class java/io/ObjectOutputStream$HandleTable done
Event: 364.523 Loading class java/io/ObjectOutputStream$ReplaceTable
Event: 364.524 Loading class java/io/ObjectOutputStream$ReplaceTable done

Classes unloaded (11 events):
Event: 29.073 Thread 0x000001a481faf850 Unloading class 0x000001a49a1aa800 'java/lang/invoke/LambdaForm$MH+0x000001a49a1aa800'
Event: 29.073 Thread 0x000001a481faf850 Unloading class 0x000001a49a1aa400 'java/lang/invoke/LambdaForm$MH+0x000001a49a1aa400'
Event: 29.073 Thread 0x000001a481faf850 Unloading class 0x000001a49a1aa000 'java/lang/invoke/LambdaForm$MH+0x000001a49a1aa000'
Event: 29.073 Thread 0x000001a481faf850 Unloading class 0x000001a49a1a9c00 'java/lang/invoke/LambdaForm$MH+0x000001a49a1a9c00'
Event: 29.073 Thread 0x000001a481faf850 Unloading class 0x000001a49a1a9800 'java/lang/invoke/LambdaForm$BMH+0x000001a49a1a9800'
Event: 29.073 Thread 0x000001a481faf850 Unloading class 0x000001a49a1a9400 'java/lang/invoke/LambdaForm$DMH+0x000001a49a1a9400'
Event: 29.073 Thread 0x000001a481faf850 Unloading class 0x000001a49a1a8000 'java/lang/invoke/LambdaForm$DMH+0x000001a49a1a8000'
Event: 63.852 Thread 0x000001a481faf850 Unloading class 0x000001a49a6a8c00 'java/lang/invoke/LambdaForm$DMH+0x000001a49a6a8c00'
Event: 63.852 Thread 0x000001a481faf850 Unloading class 0x000001a49a6a8000 'java/lang/invoke/LambdaForm$DMH+0x000001a49a6a8000'
Event: 63.852 Thread 0x000001a481faf850 Unloading class 0x000001a49a6a8800 'java/lang/invoke/LambdaForm$DMH+0x000001a49a6a8800'
Event: 63.852 Thread 0x000001a481faf850 Unloading class 0x000001a49a6a8400 'java/lang/invoke/LambdaForm$DMH+0x000001a49a6a8400'

Classes redefined (0 events):
No events

Internal exceptions (20 events):
Event: 102.271 Thread 0x000001a4e08370b0 Exception <a 'java/lang/IncompatibleClassChangeError'{0x00000000d59a8490}: Found class java.lang.Object, but interface was expected> (0x00000000d59a8490) 
thrown [s\src\hotspot\share\interpreter\linkResolver.cpp, line 840]
Event: 102.272 Thread 0x000001a4e3146ee0 Exception <a 'sun/nio/fs/WindowsException'{0x00000000d59d8648}> (0x00000000d59d8648) 
thrown [s\src\hotspot\share\prims\jni.cpp, line 520]
Event: 102.273 Thread 0x000001a4e3146ee0 Exception <a 'sun/nio/fs/WindowsException'{0x00000000d59d8f20}> (0x00000000d59d8f20) 
thrown [s\src\hotspot\share\prims\jni.cpp, line 520]
Event: 102.274 Thread 0x000001a4e3146ee0 Exception <a 'sun/nio/fs/WindowsException'{0x00000000d59da008}> (0x00000000d59da008) 
thrown [s\src\hotspot\share\prims\jni.cpp, line 520]
Event: 102.274 Thread 0x000001a4e3146ee0 Exception <a 'sun/nio/fs/WindowsException'{0x00000000d59da638}> (0x00000000d59da638) 
thrown [s\src\hotspot\share\prims\jni.cpp, line 520]
Event: 102.435 Thread 0x000001a4e08370b0 Exception <a 'java/lang/IncompatibleClassChangeError'{0x00000000d5ae89a0}: Found class java.lang.Object, but interface was expected> (0x00000000d5ae89a0) 
thrown [s\src\hotspot\share\interpreter\linkResolver.cpp, line 840]
Event: 102.622 Thread 0x000001a4e08335a0 Exception <a 'java/lang/NoSuchMethodError'{0x00000000d5b5bd20}: 'java.lang.Object java.lang.invoke.DirectMethodHandle$Holder.invokeSpecial(java.lang.Object, java.lang.Object, int, long)'> (0x00000000d5b5bd20) 
thrown [s\src\hotspot\share\interpreter\linkResolver.cpp, line 773]
Event: 102.630 Thread 0x000001a4e0837740 Exception <a 'java/lang/NoSuchMethodError'{0x00000000d5bda390}: 'java.lang.Object java.lang.invoke.DirectMethodHandle$Holder.invokeSpecial(java.lang.Object, java.lang.Object, java.lang.Object, java.lang.Object, int, java.lang.Object, java.lang.Object)'> (0x00000000d5bda390) 
thrown [s\src\hotspot\share\interpreter\linkResolver.cpp, line 773]
Event: 102.630 Thread 0x000001a4e31461c0 Exception <a 'java/lang/NoSuchMethodError'{0x00000000d5bfdc00}: 'java.lang.Object java.lang.invoke.DirectMethodHandle$Holder.invokeSpecial(java.lang.Object, java.lang.Object, java.lang.Object, java.lang.Object, int, java.lang.Object, java.lang.Object)'> (0x00000000d5bfdc00) 
thrown [s\src\hotspot\share\interpreter\linkResolver.cpp, line 773]
Event: 102.668 Thread 0x000001a4e3147570 Exception <a 'java/lang/NoSuchMethodError'{0x00000000d605e378}: 'int java.lang.invoke.Invokers$Holder.invokeExact_MT(java.lang.Object, java.lang.Object)'> (0x00000000d605e378) 
thrown [s\src\hotspot\share\interpreter\linkResolver.cpp, line 773]
Event: 102.687 Thread 0x000001a4e3147570 Exception <a 'java/lang/IncompatibleClassChangeError'{0x00000000d619f300}: Found class java.lang.Object, but interface was expected> (0x00000000d619f300) 
thrown [s\src\hotspot\share\interpreter\linkResolver.cpp, line 840]
Event: 102.706 Thread 0x000001a4e3147570 Implicit null exception at 0x000001a48d183e46 to 0x000001a48d183e8f
Event: 364.474 Thread 0x000001a4e2be1380 Exception <a 'sun/nio/fs/WindowsException'{0x00000000d5e0a368}> (0x00000000d5e0a368) 
thrown [s\src\hotspot\share\prims\jni.cpp, line 520]
Event: 364.476 Thread 0x000001a4e2be1380 Exception <a 'sun/nio/fs/WindowsException'{0x00000000d5e0aef0}> (0x00000000d5e0aef0) 
thrown [s\src\hotspot\share\prims\jni.cpp, line 520]
Event: 364.814 Thread 0x000001a4e2be1380 Exception <a 'java/lang/NoSuchMethodError'{0x00000000d5e85460}: static [J.<clinit>()V> (0x00000000d5e85460) 
thrown [s\src\hotspot\share\prims\jni.cpp, line 1111]
Event: 364.860 Thread 0x000001a4e2be1380 Exception <a 'java/lang/NoSuchMethodError'{0x00000000d5ebb810}: 'java.lang.Object java.lang.invoke.DirectMethodHandle$Holder.newInvokeSpecial(java.lang.Object, java.lang.Object, java.lang.Object, java.lang.Object, java.lang.Object, java.lang.Object, java.lang.Object, java.lang.Object)'> (0x00000000d5ebb810) 
thrown [s\src\hotspot\share\interpreter\linkResolver.cpp, line 773]
Event: 614.356 Thread 0x000001a4db1be2b0 Exception <a 'sun/nio/fs/WindowsException'{0x00000000d614fe50}> (0x00000000d614fe50) 
thrown [s\src\hotspot\share\prims\jni.cpp, line 520]
Event: 614.935 Thread 0x000001a4db1be2b0 Exception <a 'sun/nio/fs/WindowsException'{0x00000000d60ca108}> (0x00000000d60ca108) 
thrown [s\src\hotspot\share\prims\jni.cpp, line 520]
Event: 914.410 Thread 0x000001a4e08335a0 Exception <a 'sun/nio/fs/WindowsException'{0x00000000d57b0d00}> (0x00000000d57b0d00) 
thrown [s\src\hotspot\share\prims\jni.cpp, line 520]
Event: 914.413 Thread 0x000001a4e08335a0 Exception <a 'sun/nio/fs/WindowsException'{0x00000000d57b1868}> (0x00000000d57b1868) 
thrown [s\src\hotspot\share\prims\jni.cpp, line 520]

ZGC Phase Switch (0 events):
No events

VM Operations (20 events):
Event: 2339.561 Executing safepoint VM operation: Cleanup
Event: 2339.561 Executing safepoint VM operation: Cleanup done
Event: 2465.422 Executing non-safepoint VM operation: HandshakeAllThreads (HandshakeForDeflation)
Event: 2465.425 Executing non-safepoint VM operation: HandshakeAllThreads (HandshakeForDeflation) done
Event: 2465.425 Executing non-safepoint VM operation: RendezvousGCThreads
Event: 2465.425 Executing non-safepoint VM operation: RendezvousGCThreads done
Event: 2605.822 Executing safepoint VM operation: Cleanup
Event: 2605.823 Executing safepoint VM operation: Cleanup done
Event: 2668.483 Executing safepoint VM operation: Cleanup
Event: 2668.483 Executing safepoint VM operation: Cleanup done
Event: 2837.171 Executing safepoint VM operation: Cleanup
Event: 2837.172 Executing safepoint VM operation: Cleanup done
Event: 2982.629 Executing safepoint VM operation: ParallelGCFailedAllocation (Allocation Failure)
Event: 2982.691 Executing safepoint VM operation: ParallelGCFailedAllocation (Allocation Failure) done
Event: 3029.770 Executing safepoint VM operation: Cleanup
Event: 3029.773 Executing safepoint VM operation: Cleanup done
Event: 3066.582 Executing non-safepoint VM operation: HandshakeAllThreads (HandshakeForDeflation)
Event: 3066.582 Executing non-safepoint VM operation: HandshakeAllThreads (HandshakeForDeflation) done
Event: 3066.583 Executing non-safepoint VM operation: RendezvousGCThreads
Event: 3066.583 Executing non-safepoint VM operation: RendezvousGCThreads done

Memory protections (0 events):
No events

Nmethod flushes (20 events):
Event: 63.870 Thread 0x000001a481faf850 flushing  nmethod 0x000001a4858dc190
Event: 63.870 Thread 0x000001a481faf850 flushing  nmethod 0x000001a4858e5e10
Event: 63.870 Thread 0x000001a481faf850 flushing  nmethod 0x000001a4858f3210
Event: 63.870 Thread 0x000001a481faf850 flushing  nmethod 0x000001a48596d210
Event: 63.870 Thread 0x000001a481faf850 flushing  nmethod 0x000001a485987690
Event: 63.870 Thread 0x000001a481faf850 flushing  nmethod 0x000001a48598ab90
Event: 63.870 Thread 0x000001a481faf850 flushing  nmethod 0x000001a48598c710
Event: 63.870 Thread 0x000001a481faf850 flushing  nmethod 0x000001a4859a3e10
Event: 63.870 Thread 0x000001a481faf850 flushing  nmethod 0x000001a4859a4510
Event: 63.870 Thread 0x000001a481faf850 flushing  nmethod 0x000001a4859a5d90
Event: 63.870 Thread 0x000001a481faf850 flushing  nmethod 0x000001a4859a6390
Event: 63.870 Thread 0x000001a481faf850 flushing  nmethod 0x000001a4859a6c10
Event: 63.870 Thread 0x000001a481faf850 flushing  nmethod 0x000001a4859a6f90
Event: 63.870 Thread 0x000001a481faf850 flushing  nmethod 0x000001a4859aaf10
Event: 63.870 Thread 0x000001a481faf850 flushing  nmethod 0x000001a4859caf90
Event: 63.870 Thread 0x000001a481faf850 flushing  nmethod 0x000001a4859e9290
Event: 63.870 Thread 0x000001a481faf850 flushing  nmethod 0x000001a4859ecc90
Event: 63.870 Thread 0x000001a481faf850 flushing  nmethod 0x000001a485a64110
Event: 63.870 Thread 0x000001a481faf850 flushing  nmethod 0x000001a485a6c090
Event: 63.870 Thread 0x000001a481faf850 flushing  nmethod 0x000001a485a7f990

Events (20 events):
Event: 545.037 Thread 0x000001a4e3b86740 Thread exited: 0x000001a4e3b86740
Event: 583.608 Thread 0x000001a4e3147c00 Thread exited: 0x000001a4e3147c00
Event: 605.039 Thread 0x000001a4e3b83950 Thread exited: 0x000001a4e3b83950
Event: 614.445 Thread 0x000001a4e2be1380 Thread added: 0x000001a4e3b83950
Event: 614.644 Thread 0x000001a481fc6760 Thread added: 0x000001a4e24e5850
Event: 614.963 Thread 0x000001a4e08335a0 Thread added: 0x000001a4e3b85390
Event: 615.701 Thread 0x000001a4e24e5850 Thread exited: 0x000001a4e24e5850
Event: 615.848 Thread 0x000001a4e08335a0 Thread added: 0x000001a4e3b860b0
Event: 643.610 Thread 0x000001a4e31454a0 Thread exited: 0x000001a4e31454a0
Event: 665.051 Thread 0x000001a4e3b84d00 Thread exited: 0x000001a4e3b84d00
Event: 675.156 Thread 0x000001a4e3b83950 Thread exited: 0x000001a4e3b83950
Event: 676.142 Thread 0x000001a4e3b860b0 Thread exited: 0x000001a4e3b860b0
Event: 703.624 Thread 0x000001a4e3148290 Thread exited: 0x000001a4e3148290
Event: 725.060 Thread 0x000001a4e3b84670 Thread exited: 0x000001a4e3b84670
Event: 785.071 Thread 0x000001a4e314bda0 Thread exited: 0x000001a4e314bda0
Event: 914.386 Thread 0x000001a4e08335a0 Thread added: 0x000001a4e3b86740
Event: 914.393 Thread 0x000001a4e3b86740 Thread exited: 0x000001a4e3b86740
Event: 914.418 Thread 0x000001a4e08335a0 Thread added: 0x000001a4e3b84d00
Event: 914.419 Thread 0x000001a4e3b84d00 Thread exited: 0x000001a4e3b84d00
Event: 915.034 Thread 0x000001a4e3b85390 Thread exited: 0x000001a4e3b85390


Dynamic libraries:
0x00007ff7104f0000 - 0x00007ff7104fe000 	c:\Users\Felipe Gabriel\.vscode\extensions\redhat.java-1.54.0-win32-x64\jre\21.0.10-win32-x86_64\bin\java.exe
0x00007ffae1ca0000 - 0x00007ffae1f06000 	C:\WINDOWS\SYSTEM32\ntdll.dll
0x00007ffae0e20000 - 0x00007ffae0ee9000 	C:\WINDOWS\System32\KERNEL32.DLL
0x00007ffadf610000 - 0x00007ffadfa0a000 	C:\WINDOWS\System32\KERNELBASE.dll
0x00007ffadefc0000 - 0x00007ffadf10c000 	C:\WINDOWS\System32\ucrtbase.dll
0x00007ffa8be30000 - 0x00007ffa8be4e000 	c:\Users\Felipe Gabriel\.vscode\extensions\redhat.java-1.54.0-win32-x64\jre\21.0.10-win32-x86_64\bin\VCRUNTIME140.dll
0x00007ffaca740000 - 0x00007ffaca758000 	c:\Users\Felipe Gabriel\.vscode\extensions\redhat.java-1.54.0-win32-x64\jre\21.0.10-win32-x86_64\bin\jli.dll
0x00007ffae1860000 - 0x00007ffae1a27000 	C:\WINDOWS\System32\USER32.dll
0x00007ffadf240000 - 0x00007ffadf267000 	C:\WINDOWS\System32\win32u.dll
0x00007ffac4100000 - 0x00007ffac4392000 	C:\WINDOWS\WinSxS\amd64_microsoft.windows.common-controls_6595b64144ccf1df_6.0.26100.8521_none_3e08b75ce33403b3\COMCTL32.dll
0x00007ffae1780000 - 0x00007ffae1829000 	C:\WINDOWS\System32\msvcrt.dll
0x00007ffadfbc0000 - 0x00007ffadfbeb000 	C:\WINDOWS\System32\GDI32.dll
0x00007ffadf110000 - 0x00007ffadf23b000 	C:\WINDOWS\System32\gdi32full.dll
0x00007ffadf560000 - 0x00007ffadf603000 	C:\WINDOWS\System32\msvcp_win.dll
0x00007ffae15a0000 - 0x00007ffae15d2000 	C:\WINDOWS\System32\IMM32.DLL
0x00007ffac9770000 - 0x00007ffac977c000 	c:\Users\Felipe Gabriel\.vscode\extensions\redhat.java-1.54.0-win32-x64\jre\21.0.10-win32-x86_64\bin\vcruntime140_1.dll
0x00007ffa47a90000 - 0x00007ffa47b1d000 	c:\Users\Felipe Gabriel\.vscode\extensions\redhat.java-1.54.0-win32-x64\jre\21.0.10-win32-x86_64\bin\msvcp140.dll
0x00007ffa26f10000 - 0x00007ffa27cb1000 	c:\Users\Felipe Gabriel\.vscode\extensions\redhat.java-1.54.0-win32-x64\jre\21.0.10-win32-x86_64\bin\server\jvm.dll
0x00007ffae1b00000 - 0x00007ffae1bb6000 	C:\WINDOWS\System32\ADVAPI32.dll
0x00007ffadfa10000 - 0x00007ffadfaba000 	C:\WINDOWS\System32\sechost.dll
0x00007ffae0c10000 - 0x00007ffae0d28000 	C:\WINDOWS\System32\RPCRT4.dll
0x00007ffae0080000 - 0x00007ffae0100000 	C:\WINDOWS\System32\WS2_32.dll
0x00007ffad2e60000 - 0x00007ffad2e96000 	C:\WINDOWS\SYSTEM32\WINMM.dll
0x00007ffac9320000 - 0x00007ffac932b000 	C:\WINDOWS\SYSTEM32\VERSION.dll
0x00007ffadedb0000 - 0x00007ffadee0e000 	C:\WINDOWS\SYSTEM32\POWRPROF.dll
0x00007ffaded90000 - 0x00007ffadeda4000 	C:\WINDOWS\SYSTEM32\UMPDC.dll
0x00007ffaddcc0000 - 0x00007ffaddcdb000 	C:\WINDOWS\SYSTEM32\kernel.appcore.dll
0x00007ffac95f0000 - 0x00007ffac95fa000 	c:\Users\Felipe Gabriel\.vscode\extensions\redhat.java-1.54.0-win32-x64\jre\21.0.10-win32-x86_64\bin\jimage.dll
0x00007ffadc6d0000 - 0x00007ffadc912000 	C:\WINDOWS\SYSTEM32\DBGHELP.DLL
0x00007ffadfcf0000 - 0x00007ffae0073000 	C:\WINDOWS\System32\combase.dll
0x00007ffae0d30000 - 0x00007ffae0e09000 	C:\WINDOWS\System32\OLEAUT32.dll
0x00007ffac6d50000 - 0x00007ffac6d8b000 	C:\WINDOWS\SYSTEM32\dbgcore.DLL
0x00007ffadf4b0000 - 0x00007ffadf558000 	C:\WINDOWS\System32\bcryptPrimitives.dll
0x00007ffac8720000 - 0x00007ffac872f000 	c:\Users\Felipe Gabriel\.vscode\extensions\redhat.java-1.54.0-win32-x64\jre\21.0.10-win32-x86_64\bin\instrument.dll
0x00007ffac0230000 - 0x00007ffac0250000 	c:\Users\Felipe Gabriel\.vscode\extensions\redhat.java-1.54.0-win32-x64\jre\21.0.10-win32-x86_64\bin\java.dll
0x00007ffae0110000 - 0x00007ffae0894000 	C:\WINDOWS\System32\SHELL32.dll
0x00007ffadca00000 - 0x00007ffadd280000 	C:\WINDOWS\SYSTEM32\windows.storage.dll
0x00007ffadfac0000 - 0x00007ffadfbb6000 	C:\WINDOWS\System32\SHCORE.dll
0x00007ffae1a80000 - 0x00007ffae1ae7000 	C:\WINDOWS\System32\shlwapi.dll
0x00007ffadee50000 - 0x00007ffadee79000 	C:\WINDOWS\SYSTEM32\profapi.dll
0x00007ffa87f70000 - 0x00007ffa87f88000 	c:\Users\Felipe Gabriel\.vscode\extensions\redhat.java-1.54.0-win32-x64\jre\21.0.10-win32-x86_64\bin\zip.dll
0x00007ffac8710000 - 0x00007ffac8720000 	C:\Users\Felipe Gabriel\.vscode\extensions\redhat.java-1.54.0-win32-x64\jre\21.0.10-win32-x86_64\bin\net.dll
0x00007ffad55e0000 - 0x00007ffad5709000 	C:\WINDOWS\SYSTEM32\WINHTTP.dll
0x00007ffade230000 - 0x00007ffade29c000 	C:\WINDOWS\system32\mswsock.dll
0x00007ffacb8b0000 - 0x00007ffacb8c6000 	C:\Users\Felipe Gabriel\.vscode\extensions\redhat.java-1.54.0-win32-x64\jre\21.0.10-win32-x86_64\bin\nio.dll
0x00007ffac96d0000 - 0x00007ffac96e0000 	c:\Users\Felipe Gabriel\.vscode\extensions\redhat.java-1.54.0-win32-x64\jre\21.0.10-win32-x86_64\bin\verify.dll
0x00007ffa4c850000 - 0x00007ffa4c895000 	C:\Users\Felipe Gabriel\AppData\Roaming\Code\User\globalStorage\redhat.java\1.54.0\config_win\org.eclipse.equinox.launcher\org.eclipse.equinox.launcher.win32.win32.x86_64_1.3.0.v20260203-2149\eclipse_11919.dll
0x00007ffae15e0000 - 0x00007ffae1778000 	C:\WINDOWS\System32\ole32.dll
0x00007ffade510000 - 0x00007ffade52b000 	C:\WINDOWS\SYSTEM32\CRYPTSP.dll
0x00007ffaddc20000 - 0x00007ffaddc59000 	C:\WINDOWS\system32\rsaenh.dll
0x00007ffade2e0000 - 0x00007ffade313000 	C:\WINDOWS\SYSTEM32\USERENV.dll
0x00007ffadee20000 - 0x00007ffadee4a000 	C:\WINDOWS\SYSTEM32\bcrypt.dll
0x00007ffade530000 - 0x00007ffade53c000 	C:\WINDOWS\SYSTEM32\CRYPTBASE.dll
0x00007ffadd680000 - 0x00007ffadd6b3000 	C:\WINDOWS\SYSTEM32\IPHLPAPI.DLL
0x00007ffae1bc0000 - 0x00007ffae1bca000 	C:\WINDOWS\System32\NSI.dll
0x00007ffacad00000 - 0x00007ffacad49000 	C:\Users\Felipe Gabriel\AppData\Local\Temp\jna--547907529\jna12354151839371349062.dll
0x00007ffae1af0000 - 0x00007ffae1af8000 	C:\WINDOWS\System32\PSAPI.DLL
0x00007ffad6600000 - 0x00007ffad661d000 	C:\WINDOWS\SYSTEM32\dhcpcsvc6.DLL
0x00007ffad6400000 - 0x00007ffad6425000 	C:\WINDOWS\SYSTEM32\dhcpcsvc.DLL
0x00007ffad9070000 - 0x00007ffad907e000 	C:\Users\Felipe Gabriel\.vscode\extensions\redhat.java-1.54.0-win32-x64\jre\21.0.10-win32-x86_64\bin\sunmscapi.dll
0x00007ffadf330000 - 0x00007ffadf4a8000 	C:\WINDOWS\System32\CRYPT32.dll
0x00007ffade730000 - 0x00007ffade760000 	C:\WINDOWS\SYSTEM32\ncrypt.dll
0x00007ffade6e0000 - 0x00007ffade71f000 	C:\WINDOWS\SYSTEM32\NTASN1.dll
0x00007ffadd6c0000 - 0x00007ffadd80a000 	C:\WINDOWS\SYSTEM32\DNSAPI.dll
0x00007ffade050000 - 0x00007ffade05d000 	C:\WINDOWS\SYSTEM32\DSPARSE.dll
0x00007ffad5380000 - 0x00007ffad538b000 	C:\Windows\System32\rasadhlp.dll
0x00007ffad6dd0000 - 0x00007ffad6e56000 	C:\WINDOWS\System32\fwpuclnt.dll
0x00007ffacb900000 - 0x00007ffacb909000 	C:\Users\Felipe Gabriel\.vscode\extensions\redhat.java-1.54.0-win32-x64\jre\21.0.10-win32-x86_64\bin\extnet.dll
0x00007ffaddde0000 - 0x00007ffadde16000 	C:\WINDOWS\SYSTEM32\ntmarta.dll

JVMTI agents:
c:\Users\Felipe Gabriel\.vscode\extensions\redhat.java-1.54.0-win32-x64\lombok\lombok-1.18.39-4050.jar path:c:\Users\Felipe Gabriel\.vscode\extensions\redhat.java-1.54.0-win32-x64\jre\21.0.10-win32-x86_64\bin\instrument.dll, loaded, initialized, instrumentlib options:none

dbghelp: loaded successfully - version: 4.0.5 - missing functions: none
symbol engine: initialized successfully - sym options: 0x614 - pdb path: .;c:\Users\Felipe Gabriel\.vscode\extensions\redhat.java-1.54.0-win32-x64\jre\21.0.10-win32-x86_64\bin;C:\WINDOWS\SYSTEM32;C:\WINDOWS\WinSxS\amd64_microsoft.windows.common-controls_6595b64144ccf1df_6.0.26100.8521_none_3e08b75ce33403b3;c:\Users\Felipe Gabriel\.vscode\extensions\redhat.java-1.54.0-win32-x64\jre\21.0.10-win32-x86_64\bin\server;C:\Users\Felipe Gabriel\AppData\Roaming\Code\User\globalStorage\redhat.java\1.54.0\config_win\org.eclipse.equinox.launcher\org.eclipse.equinox.launcher.win32.win32.x86_64_1.3.0.v20260203-2149;C:\Users\Felipe Gabriel\AppData\Local\Temp\jna--547907529

VM Arguments:
jvm_args: --add-modules=ALL-SYSTEM --add-opens=java.base/java.util=ALL-UNNAMED --add-opens=java.base/java.lang=ALL-UNNAMED --add-opens=java.base/sun.nio.fs=ALL-UNNAMED -Declipse.application=org.eclipse.jdt.ls.core.id1 -Dosgi.bundles.defaultStartLevel=4 -Declipse.product=org.eclipse.jdt.ls.core.product -Djava.import.generatesMetadataFilesAtProjectRoot=false -DDetectVMInstallationsJob.disabled=true -Dfile.encoding=utf8 -XX:+UseParallelGC -XX:GCTimeRatio=4 -XX:AdaptiveSizePolicyWeight=90 -Dsun.zip.disableMemoryMapping=true -Xmx2G -Xms100m -Xlog:disable -javaagent:c:\Users\Felipe Gabriel\.vscode\extensions\redhat.java-1.54.0-win32-x64\lombok\lombok-1.18.39-4050.jar -XX:+HeapDumpOnOutOfMemoryError -XX:HeapDumpPath=c:\Users\Felipe Gabriel\AppData\Roaming\Code\User\workspaceStorage\642678f124544afbc4c382be6d497972\redhat.java -Daether.dependencyCollector.impl=bf 
java_command: c:\Users\Felipe Gabriel\.vscode\extensions\redhat.java-1.54.0-win32-x64\server\plugins\org.eclipse.equinox.launcher_1.7.100.v20251111-0406.jar -configuration c:\Users\Felipe Gabriel\AppData\Roaming\Code\User\globalStorage\redhat.java\1.54.0\config_win -data c:\Users\Felipe Gabriel\AppData\Roaming\Code\User\workspaceStorage\642678f124544afbc4c382be6d497972\redhat.java\jdt_ws --pipe=\\.\pipe\lsp-7c42b86f8661ed4bc22f2fc781304d70-sock
java_class_path (initial): c:\Users\Felipe Gabriel\.vscode\extensions\redhat.java-1.54.0-win32-x64\server\plugins\org.eclipse.equinox.launcher_1.7.100.v20251111-0406.jar
Launcher Type: SUN_STANDARD

[Global flags]
    uintx AdaptiveSizePolicyWeight                 = 90                                        {product} {command line}
     intx CICompilerCount                          = 4                                         {product} {ergonomic}
    uintx GCTimeRatio                              = 4                                         {product} {command line}
     bool HeapDumpOnOutOfMemoryError               = true                                   {manageable} {command line}
    ccstr HeapDumpPath                             = c:\Users\Felipe Gabriel\AppData\Roaming\Code\User\workspaceStorage\642678f124544afbc4c382be6d497972\redhat.java         {manageable} {command line}
   size_t InitialHeapSize                          = 104857600                                 {product} {command line}
   size_t MaxHeapSize                              = 2147483648                                {product} {command line}
   size_t MaxNewSize                               = 715653120                                 {product} {ergonomic}
   size_t MinHeapDeltaBytes                        = 524288                                    {product} {ergonomic}
   size_t MinHeapSize                              = 104857600                                 {product} {command line}
   size_t NewSize                                  = 34603008                                  {product} {ergonomic}
    uintx NonNMethodCodeHeapSize                   = 5839372                                {pd product} {ergonomic}
    uintx NonProfiledCodeHeapSize                  = 122909434                              {pd product} {ergonomic}
   size_t OldSize                                  = 70254592                                  {product} {ergonomic}
    uintx ProfiledCodeHeapSize                     = 122909434                              {pd product} {ergonomic}
    uintx ReservedCodeCacheSize                    = 251658240                              {pd product} {ergonomic}
     bool SegmentedCodeCache                       = true                                      {product} {ergonomic}
   size_t SoftMaxHeapSize                          = 2147483648                             {manageable} {ergonomic}
     bool UseCompressedOops                        = true                           {product lp64_product} {ergonomic}
     bool UseLargePagesIndividualAllocation        = false                                  {pd product} {ergonomic}
     bool UseParallelGC                            = true                                      {product} {command line}

Logging:
Log output configuration:
 #0: stdout all=off uptime,level,tags foldmultilines=false
 #1: stderr all=off uptime,level,tags foldmultilines=false

Release file:
JAVA_VERSION="21.0.10" 
MODULES="java.base java.compiler java.datatransfer java.xml java.prefs java.desktop java.instrument java.logging java.management java.security.sasl java.naming java.rmi java.management.rmi java.net.http java.scripting java.security.jgss java.transaction.xa java.sql java.sql.rowset java.xml.crypto java.se java.smartcardio jdk.accessibility jdk.internal.jvmstat jdk.attach jdk.charsets jdk.internal.opt jdk.zipfs jdk.compiler jdk.crypto.ec jdk.crypto.cryptoki jdk.crypto.mscapi jdk.dynalink jdk.internal.ed jdk.editpad jdk.hotspot.agent jdk.httpserver jdk.internal.le jdk.internal.vm.ci jdk.internal.vm.compiler jdk.internal.vm.compiler.management jdk.jartool jdk.javadoc jdk.jcmd jdk.management jdk.management.agent jdk.jconsole jdk.jdeps jdk.jdwp.agent jdk.jdi jdk.jfr jdk.jshell jdk.jsobject jdk.jstatd jdk.localedata jdk.management.jfr jdk.naming.dns jdk.naming.rmi jdk.net jdk.nio.mapmode jdk.random jdk.sctp jdk.security.auth jdk.security.jgss jdk.unsupported jdk.unsupported.desktop jdk.xml.dom" 

Environment Variables:
PATH=C:\Program Files\Microsoft MPI\Bin\;C:\Program Files\Common Files\Oracle\Java\javapath;C:\Program Files (x86)\Common Files\Oracle\Java\java8path;C:\Program Files (x86)\Common Files\Oracle\Java\javapath;C:\WINDOWS\system32;C:\WINDOWS;C:\WINDOWS\System32\Wbem;C:\WINDOWS\System32\WindowsPowerShell\v1.0\;C:\WINDOWS\System32\OpenSSH\;C:\mingw64\bin;C:\Program Files\Git\cmd;C:\Program Files\nodejs\;C:\Program Files\Mozart\bin;C:\Program Files\ImageMagick-7.1.1-Q16-HDRI\;C:\Program Files\dotnet\;C:\Program Files (x86)\Microsoft SQL Server\160\Tools\Binn\;C:\Program Files\Microsoft SQL Server\160\Tools\Binn\;C:\Program Files\Microsoft SQL Server\Client SDK\ODBC\170\Tools\Binn\;C:\Program Files\Microsoft SQL Server\160\DTS\Binn\;C:\Program Files (x86)\Microsoft SQL Server\160\DTS\Binn\;C:\Program Files\Elixir\bin;C:\Program Files\Erlang OTP\bin;C:\Users\Felipe Gabriel\AppData\Local\Microsoft\WindowsApps;C:\Users\Felipe Gabriel\AppData\Local\Programs\Microsoft VS Code\bin;C:\Users\Felipe Gabriel\AppData\Roaming\npm;C:\msys64\mingw64\bin;
USERNAME=Felipe Gabriel
OS=Windows_NT
PROCESSOR_IDENTIFIER=Intel64 Family 6 Model 154 Stepping 4, GenuineIntel
TMP=C:\Users\FELIPE~1\AppData\Local\Temp
TEMP=C:\Users\FELIPE~1\AppData\Local\Temp




Periodic native trim disabled

---------------  S Y S T E M  ---------------

OS:
 Windows 11 , 64 bit Build 26100 (10.0.26100.8521)
OS uptime: 7 days 19:38 hours
Hyper-V role detected

CPU: total 12 (initial active 12) (6 cores per cpu, 2 threads per core) family 6 model 154 stepping 4 microcode 0x42c, cx8, cmov, fxsr, ht, mmx, 3dnowpref, sse, sse2, sse3, ssse3, sse4.1, sse4.2, popcnt, lzcnt, tsc, tscinvbit, avx, avx2, aes, erms, clmul, bmi1, bmi2, adx, sha, fma, vzeroupper, clflush, clflushopt, clwb, hv, serialize, rdtscp, rdpid, fsrm, f16c, cet_ibt, cet_ss
Processor Information for processor 0
  Max Mhz: 1300, Current Mhz: 1300, Mhz Limit: 1300
Processor Information for processor 1
  Max Mhz: 1300, Current Mhz: 1300, Mhz Limit: 1300
Processor Information for processor 2
  Max Mhz: 1300, Current Mhz: 1300, Mhz Limit: 1300
Processor Information for processor 3
  Max Mhz: 1300, Current Mhz: 1300, Mhz Limit: 1300
Processor Information for processor 4
  Max Mhz: 1300, Current Mhz: 900, Mhz Limit: 897
Processor Information for processor 5
  Max Mhz: 1300, Current Mhz: 900, Mhz Limit: 897
Processor Information for processor 6
  Max Mhz: 1300, Current Mhz: 900, Mhz Limit: 897
Processor Information for processor 7
  Max Mhz: 1300, Current Mhz: 900, Mhz Limit: 897
Processor Information for processor 8
  Max Mhz: 1300, Current Mhz: 900, Mhz Limit: 897
Processor Information for processor 9
  Max Mhz: 1300, Current Mhz: 900, Mhz Limit: 897
Processor Information for processor 10
  Max Mhz: 1300, Current Mhz: 900, Mhz Limit: 897
Processor Information for processor 11
  Max Mhz: 1300, Current Mhz: 900, Mhz Limit: 897

Memory: 4k page, system-wide physical 7877M (413M free)
TotalPageFile size 32453M (AvailPageFile size 32M)
current process WorkingSet (physical memory assigned to process): 24M, peak: 324M
current process commit charge ("private bytes"): 377M, peak: 425M

vm_info: OpenJDK 64-Bit Server VM (21.0.10+7-LTS) for windows-amd64 JRE (21.0.10+7-LTS), built on 2026-01-20T00:00:00Z by "admin" with MS VC++ 17.12 (VS2022)

END.
