#
# A fatal error has been detected by the Java Runtime Environment:
#
#  Internal Error (generateOopMap.cpp:2165), pid=14560, tid=14500
#  fatal error: Cannot reserve enough memory to analyze this method in method store
#
# JRE version: OpenJDK Runtime Environment Temurin-21.0.10+7 (21.0.10+7) (build 21.0.10+7-LTS)
# Java VM: OpenJDK 64-Bit Server VM Temurin-21.0.10+7 (21.0.10+7-LTS, mixed mode, sharing, tiered, compressed oops, compressed class ptrs, parallel gc, windows-amd64)
# No core dump will be written. Minidumps are not enabled by default on client versions of Windows
#
# If you would like to submit a bug report, please visit:
#   https://github.com/adoptium/adoptium-support/issues
#

---------------  S U M M A R Y ------------

Command Line: --add-modules=ALL-SYSTEM --add-opens=java.base/java.util=ALL-UNNAMED --add-opens=java.base/java.lang=ALL-UNNAMED --add-opens=java.base/sun.nio.fs=ALL-UNNAMED -Declipse.application=org.eclipse.jdt.ls.core.id1 -Dosgi.bundles.defaultStartLevel=4 -Declipse.product=org.eclipse.jdt.ls.core.product -Djava.import.generatesMetadataFilesAtProjectRoot=false -DDetectVMInstallationsJob.disabled=true -Dfile.encoding=utf8 -XX:+UseParallelGC -XX:GCTimeRatio=4 -XX:AdaptiveSizePolicyWeight=90 -Dsun.zip.disableMemoryMapping=true -Xmx2G -Xms100m -Xlog:disable -javaagent:c:\Users\Felipe Gabriel\.vscode\extensions\redhat.java-1.54.0-win32-x64\lombok\lombok-1.18.39-4050.jar -XX:+HeapDumpOnOutOfMemoryError -XX:HeapDumpPath=c:\Users\Felipe Gabriel\AppData\Roaming\Code\User\workspaceStorage\642678f124544afbc4c382be6d497972\redhat.java -Daether.dependencyCollector.impl=bf c:\Users\Felipe Gabriel\.vscode\extensions\redhat.java-1.54.0-win32-x64\server\plugins\org.eclipse.equinox.launcher_1.7.100.v20251111-0406.jar -configuration c:\Users\Felipe Gabriel\AppData\Roaming\Code\User\globalStorage\redhat.java\1.54.0\config_win -data c:\Users\Felipe Gabriel\AppData\Roaming\Code\User\workspaceStorage\642678f124544afbc4c382be6d497972\redhat.java\jdt_ws --pipe=\\.\pipe\lsp-e138b9c88a1fd1d8de094ab9595ef477-sock

Host: 12th Gen Intel(R) Core(TM) i5-1235U, 12 cores, 7G,  Windows 11 , 64 bit Build 26100 (10.0.26100.8521)
Time: Sat Jun 20 11:20:03 2026 Hora Padrão de Buenos Aires elapsed time: 70.031596 seconds (0d 0h 1m 10s)

---------------  T H R E A D  ---------------

Current thread (0x000002d81e884500):  WorkerThread "GC Thread#6"    [id=14500, stack(0x000000d85a500000,0x000000d85a600000) (1024K)]

Stack: [0x000000d85a500000,0x000000d85a600000]
Native frames: (J=compiled Java code, j=interpreted, Vv=VM code, C=native code)
V  [jvm.dll+0x6d7a39]
V  [jvm.dll+0x8b4b26]
V  [jvm.dll+0x8b70de]
V  [jvm.dll+0x284131]
V  [jvm.dll+0x396b2c]
V  [jvm.dll+0x3939fb]
V  [jvm.dll+0x392ded]
V  [jvm.dll+0x3920d9]
V  [jvm.dll+0x6c4f52]
V  [jvm.dll+0x6c57ab]
V  [jvm.dll+0x31d984]
V  [jvm.dll+0x31d355]
V  [jvm.dll+0x3f7111]
V  [jvm.dll+0x85f8e6]
V  [jvm.dll+0x716b9b]
V  [jvm.dll+0x86983b]
V  [jvm.dll+0x718233]
V  [jvm.dll+0x8e2b41]
V  [jvm.dll+0x85f59d]
V  [jvm.dll+0x6d626d]
C  [ucrtbase.dll+0x2cd30]
C  [KERNEL32.DLL+0x2e957]
C  [ntdll.dll+0x87c1c]

JavaThread 0x000002d81edd00d0 (nid = 27072) was being processed
Java frames: (J=compiled Java code, j=interpreted, Vv=VM code)
v  ~RuntimeStub::_new_instance_Java 0x000002d7cae583a6
J 2790 c2 java.lang.Integer.valueOf(I)Ljava/lang/Integer; java.base@21.0.10 (32 bytes) @ 0x000002d7cb434fc0 [0x000002d7cb434f20+0x00000000000000a0]
j  org.eclipse.osgi.container.ModuleDatabase$Persistence.addToWriteTable(Ljava/lang/Object;Ljava/util/Map;)I+59
j  org.eclipse.osgi.container.ModuleDatabase$Persistence.store(Lorg/eclipse/osgi/container/ModuleDatabase;Ljava/io/DataOutputStream;Z)V+238
j  org.eclipse.osgi.container.ModuleDatabase.store(Ljava/io/DataOutputStream;Z)V+7
j  org.eclipse.osgi.storage.Storage.save0()V+128
j  org.eclipse.osgi.storage.Storage.save()V+15
j  org.eclipse.osgi.internal.framework.StorageSaver$StorageSaverTask.run()V+7
j  java.util.concurrent.Executors$RunnableAdapter.call()Ljava/lang/Object;+4 java.base@21.0.10
j  java.util.concurrent.FutureTask.runAndReset()Z+44 java.base@21.0.10
j  java.util.concurrent.ScheduledThreadPoolExecutor$ScheduledFutureTask.run()V+35 java.base@21.0.10
j  java.util.concurrent.ThreadPoolExecutor.runWorker(Ljava/util/concurrent/ThreadPoolExecutor$Worker;)V+92 java.base@21.0.10
j  java.util.concurrent.ThreadPoolExecutor$Worker.run()V+5 java.base@21.0.10
j  java.lang.Thread.runWith(Ljava/lang/Object;Ljava/lang/Runnable;)V+5 java.base@21.0.10
j  java.lang.Thread.run()V+19 java.base@21.0.10
v  ~StubRoutines::call_stub 0x000002d7cad5100d

---------------  P R O C E S S  ---------------

Threads class SMR info:
_java_thread_list=0x000002d8228d8b90, length=49, elements={
0x000002d7c061e200, 0x000002d7c05ce6b0, 0x000002d81e006b50, 0x000002d81e009910,
0x000002d81e00c810, 0x000002d81e00d270, 0x000002d81e00dcd0, 0x000002d81e010b20,
0x000002d81e034f40, 0x000002d81e23fe20, 0x000002d81e33d030, 0x000002d81edd00d0,
0x000002d81e6fe8d0, 0x000002d81e8a7200, 0x000002d81ebe6560, 0x000002d81e7956d0,
0x000002d81f070320, 0x000002d81e655dd0, 0x000002d81f72c450, 0x000002d81f72cae0,
0x000002d81f72e520, 0x000002d81f72d170, 0x000002d81f72de90, 0x000002d81f72b0a0,
0x000002d81f72b730, 0x000002d81f72bdc0, 0x000002d8215da770, 0x000002d8215d7980,
0x000002d8215da0e0, 0x000002d8215d72f0, 0x000002d8215d8d30, 0x000002d8215dae00,
0x000002d8215d93c0, 0x000002d8215db490, 0x000002d8215d8010, 0x000002d8215d9a50,
0x000002d8215dbb20, 0x000002d8215d86a0, 0x000002d8215dc1b0, 0x000002d8215dced0,
0x000002d8215dc840, 0x000002d8215de280, 0x000002d8215dd560, 0x000002d8215ddbf0,
0x000002d8215de910, 0x000002d820cea430, 0x000002d820ce89f0, 0x000002d820ce9710,
0x000002d820ce7cd0
}

Java Threads: ( => current thread )
  0x000002d7c061e200 JavaThread "main"                              [_thread_blocked, id=14236, stack(0x000000d859100000,0x000000d859200000) (1024K)]
  0x000002d7c05ce6b0 JavaThread "Reference Handler"          daemon [_thread_blocked, id=22256, stack(0x000000d859500000,0x000000d859600000) (1024K)]
  0x000002d81e006b50 JavaThread "Finalizer"                  daemon [_thread_blocked, id=23280, stack(0x000000d859600000,0x000000d859700000) (1024K)]
  0x000002d81e009910 JavaThread "Signal Dispatcher"          daemon [_thread_blocked, id=25924, stack(0x000000d859700000,0x000000d859800000) (1024K)]
  0x000002d81e00c810 JavaThread "Attach Listener"            daemon [_thread_blocked, id=24664, stack(0x000000d859800000,0x000000d859900000) (1024K)]
  0x000002d81e00d270 JavaThread "Service Thread"             daemon [_thread_blocked, id=22236, stack(0x000000d859900000,0x000000d859a00000) (1024K)]
  0x000002d81e00dcd0 JavaThread "Monitor Deflation Thread"   daemon [_thread_blocked, id=20848, stack(0x000000d859a00000,0x000000d859b00000) (1024K)]
  0x000002d81e010b20 JavaThread "C2 CompilerThread0"         daemon [_thread_blocked, id=7420, stack(0x000000d859b00000,0x000000d859c00000) (1024K)]
  0x000002d81e034f40 JavaThread "C1 CompilerThread0"         daemon [_thread_blocked, id=18876, stack(0x000000d859c00000,0x000000d859d00000) (1024K)]
  0x000002d81e23fe20 JavaThread "Common-Cleaner"             daemon [_thread_blocked, id=15500, stack(0x000000d859d00000,0x000000d859e00000) (1024K)]
  0x000002d81e33d030 JavaThread "Notification Thread"        daemon [_thread_blocked, id=19264, stack(0x000000d859e00000,0x000000d859f00000) (1024K)]
  0x000002d81edd00d0 JavaThread "Active Thread: Equinox Container: 72ee5ec4-3f2b-4a57-915b-878268586ca0"        [_thread_blocked, id=27072, stack(0x000000d85a600000,0x000000d85a700000) (1024K)]
  0x000002d81e6fe8d0 JavaThread "Refresh Thread: Equinox Container: 72ee5ec4-3f2b-4a57-915b-878268586ca0" daemon [_thread_blocked, id=12096, stack(0x000000d85a700000,0x000000d85a800000) (1024K)]
  0x000002d81e8a7200 JavaThread "Framework Event Dispatcher: Equinox Container: 72ee5ec4-3f2b-4a57-915b-878268586ca0" daemon [_thread_blocked, id=27484, stack(0x000000d85a800000,0x000000d85a900000) (1024K)]
  0x000002d81ebe6560 JavaThread "Start Level: Equinox Container: 72ee5ec4-3f2b-4a57-915b-878268586ca0" daemon [_thread_blocked, id=2432, stack(0x000000d85a900000,0x000000d85aa00000) (1024K)]
  0x000002d81e7956d0 JavaThread "Bundle File Closer"         daemon [_thread_blocked, id=17552, stack(0x000000d85ad00000,0x000000d85ae00000) (1024K)]
  0x000002d81f070320 JavaThread "SCR Component Actor"        daemon [_thread_blocked, id=19532, stack(0x000000d85aa00000,0x000000d85ab00000) (1024K)]
  0x000002d81e655dd0 JavaThread "Worker-JM"                         [_thread_blocked, id=24052, stack(0x000000d85af00000,0x000000d85b000000) (1024K)]
  0x000002d81f72c450 JavaThread "JNA Cleaner"                daemon [_thread_blocked, id=22480, stack(0x000000d85ae00000,0x000000d85af00000) (1024K)]
  0x000002d81f72cae0 JavaThread "Worker-0"                          [_thread_blocked, id=18408, stack(0x000000d85b000000,0x000000d85b100000) (1024K)]
  0x000002d81f72e520 JavaThread "Worker-1"                          [_thread_blocked, id=27624, stack(0x000000d85b100000,0x000000d85b200000) (1024K)]
  0x000002d81f72d170 JavaThread "Worker-2"                          [_thread_blocked, id=18240, stack(0x000000d85b200000,0x000000d85b300000) (1024K)]
  0x000002d81f72de90 JavaThread "Java indexing"              daemon [_thread_blocked, id=24500, stack(0x000000d85b400000,0x000000d85b500000) (1024K)]
  0x000002d81f72b0a0 JavaThread "Worker-3"                          [_thread_blocked, id=17260, stack(0x000000d85b700000,0x000000d85b800000) (1024K)]
  0x000002d81f72b730 JavaThread "Worker-4"                          [_thread_blocked, id=19060, stack(0x000000d85b800000,0x000000d85b900000) (1024K)]
  0x000002d81f72bdc0 JavaThread "Thread-1"                   daemon [_thread_in_native, id=22168, stack(0x000000d85b900000,0x000000d85ba00000) (1024K)]
  0x000002d8215da770 JavaThread "Thread-2"                   daemon [_thread_in_native, id=18956, stack(0x000000d85ba00000,0x000000d85bb00000) (1024K)]
  0x000002d8215d7980 JavaThread "Thread-3"                   daemon [_thread_in_native, id=3232, stack(0x000000d85bb00000,0x000000d85bc00000) (1024K)]
  0x000002d8215da0e0 JavaThread "Thread-4"                   daemon [_thread_in_native, id=18860, stack(0x000000d85bc00000,0x000000d85bd00000) (1024K)]
  0x000002d8215d72f0 JavaThread "Thread-5"                   daemon [_thread_in_native, id=4856, stack(0x000000d85bd00000,0x000000d85be00000) (1024K)]
  0x000002d8215d8d30 JavaThread "Thread-6"                   daemon [_thread_in_native, id=25780, stack(0x000000d85be00000,0x000000d85bf00000) (1024K)]
  0x000002d8215dae00 JavaThread "Thread-7"                   daemon [_thread_in_native, id=1828, stack(0x000000d85bf00000,0x000000d85c000000) (1024K)]
  0x000002d8215d93c0 JavaThread "Thread-8"                   daemon [_thread_in_native, id=7512, stack(0x000000d85c000000,0x000000d85c100000) (1024K)]
  0x000002d8215db490 JavaThread "Thread-9"                   daemon [_thread_in_native, id=8516, stack(0x000000d85c100000,0x000000d85c200000) (1024K)]
  0x000002d8215d8010 JavaThread "Thread-10"                  daemon [_thread_in_native, id=13304, stack(0x000000d85c200000,0x000000d85c300000) (1024K)]
  0x000002d8215d9a50 JavaThread "Thread-11"                  daemon [_thread_in_native, id=24876, stack(0x000000d85c300000,0x000000d85c400000) (1024K)]
  0x000002d8215dbb20 JavaThread "Thread-12"                  daemon [_thread_in_native, id=7672, stack(0x000000d85c400000,0x000000d85c500000) (1024K)]
  0x000002d8215d86a0 JavaThread "Thread-13"                  daemon [_thread_in_native, id=23696, stack(0x000000d85c500000,0x000000d85c600000) (1024K)]
  0x000002d8215dc1b0 JavaThread "pool-2-thread-1"                   [_thread_blocked, id=3288, stack(0x000000d85c600000,0x000000d85c700000) (1024K)]
  0x000002d8215dced0 JavaThread "WorkspaceEventsHandler"            [_thread_blocked, id=4528, stack(0x000000d85c700000,0x000000d85c800000) (1024K)]
  0x000002d8215dc840 JavaThread "pool-1-thread-1"                   [_thread_blocked, id=3256, stack(0x000000d85c800000,0x000000d85c900000) (1024K)]
  0x000002d8215de280 JavaThread "ForkJoinPool.commonPool-worker-1" daemon [_thread_blocked, id=24744, stack(0x000000d85c900000,0x000000d85ca00000) (1024K)]
  0x000002d8215dd560 JavaThread "ForkJoinPool.commonPool-worker-2" daemon [_thread_blocked, id=26460, stack(0x000000d85ca00000,0x000000d85cb00000) (1024K)]
  0x000002d8215ddbf0 JavaThread "ForkJoinPool.commonPool-worker-3" daemon [_thread_blocked, id=13684, stack(0x000000d85cb00000,0x000000d85cc00000) (1024K)]
  0x000002d8215de910 JavaThread "ForkJoinPool.commonPool-worker-4" daemon [_thread_blocked, id=11304, stack(0x000000d85cc00000,0x000000d85cd00000) (1024K)]
  0x000002d820cea430 JavaThread "ForkJoinPool.commonPool-worker-5" daemon [_thread_blocked, id=20204, stack(0x000000d85cd00000,0x000000d85ce00000) (1024K)]
  0x000002d820ce89f0 JavaThread "ForkJoinPool.commonPool-worker-6" daemon [_thread_blocked, id=16104, stack(0x000000d85ce00000,0x000000d85cf00000) (1024K)]
  0x000002d820ce9710 JavaThread "ForkJoinPool.commonPool-worker-7" daemon [_thread_blocked, id=26616, stack(0x000000d85cf00000,0x000000d85d000000) (1024K)]
  0x000002d820ce7cd0 JavaThread "ForkJoinPool.commonPool-worker-8" daemon [_thread_blocked, id=8412, stack(0x000000d85d000000,0x000000d85d100000) (1024K)]
Total: 49

Other Threads:
  0x000002d7c06debd0 VMThread "VM Thread"                           [id=17696, stack(0x000000d859400000,0x000000d859500000) (1024K)]
  0x000002d7c04aba00 WatcherThread "VM Periodic Task Thread"        [id=23368, stack(0x000000d859300000,0x000000d859400000) (1024K)]
  0x000002d7c063b7d0 WorkerThread "GC Thread#0"                     [id=9292, stack(0x000000d859200000,0x000000d859300000) (1024K)]
  0x000002d81e7ce5d0 WorkerThread "GC Thread#1"                     [id=16276, stack(0x000000d85a000000,0x000000d85a100000) (1024K)]
  0x000002d81e471180 WorkerThread "GC Thread#2"                     [id=13700, stack(0x000000d85a100000,0x000000d85a200000) (1024K)]
  0x000002d81e3bd260 WorkerThread "GC Thread#3"                     [id=23476, stack(0x000000d85a200000,0x000000d85a300000) (1024K)]
  0x000002d81e3bd610 WorkerThread "GC Thread#4"                     [id=20892, stack(0x000000d85a300000,0x000000d85a400000) (1024K)]
  0x000002d81e7ca6e0 WorkerThread "GC Thread#5"                     [id=25868, stack(0x000000d85a400000,0x000000d85a500000) (1024K)]
=>0x000002d81e884500 WorkerThread "GC Thread#6"                     [id=14500, stack(0x000000d85a500000,0x000000d85a600000) (1024K)]
  0x000002d81e866e30 WorkerThread "GC Thread#7"                     [id=436, stack(0x000000d859f00000,0x000000d85a000000) (1024K)]
  0x000002d81ebe9f10 WorkerThread "GC Thread#8"                     [id=9700, stack(0x000000d85ab00000,0x000000d85ac00000) (1024K)]
  0x000002d81e2de020 WorkerThread "GC Thread#9"                     [id=7944, stack(0x000000d85ac00000,0x000000d85ad00000) (1024K)]
Total: 12

Threads with active compile tasks:
C2 CompilerThread0  70060 8002   !   4       java.io.BufferedOutputStream::write (73 bytes)
C1 CompilerThread0  70060 8009       3       org.eclipse.osgi.framework.util.FilePath::makeRelative (171 bytes)
Total: 2

VM state: at safepoint (normal execution)

VM Mutex/Monitor currently owned by a thread:  ([mutex/lock_event])
[0x00007ffa27bce560] Threads_lock - owner thread: 0x000002d7c06debd0
[0x00007ffa27bce660] Heap_lock - owner thread: 0x000002d81edd00d0

Heap address: 0x0000000080000000, size: 2048 MB, Compressed Oops mode: 32-bit

CDS archive(s) mapped at: [0x000002d7d7000000-0x000002d7d7ba0000-0x000002d7d7ba0000), size 12189696, SharedBaseAddress: 0x000002d7d7000000, ArchiveRelocationMode: 1.
Compressed class space mapped at: 0x000002d7d8000000-0x000002d818000000, reserved size: 1073741824
Narrow klass base: 0x000002d7d7000000, Narrow klass shift: 0, Narrow klass range: 0x100000000

GC Precious Log:
 CardTable entry size: 512
 CPUs: 12 total, 12 available
 Memory: 7877M
 Large Page Support: Disabled
 NUMA Support: Disabled
 Compressed Oops: Enabled (32-bit)
 Alignments: Space 512K, Generation 512K, Heap 2M
 Heap Min Capacity: 100M
 Heap Initial Capacity: 100M
 Heap Max Capacity: 2G
 Pre-touch: Disabled
 Parallel Workers: 10

Heap:
 PSYoungGen      total 23040K, used 22912K [0x00000000d5580000, 0x00000000d6e00000, 0x0000000100000000)
  eden space 22016K, 100% used [0x00000000d5580000,0x00000000d6b00000,0x00000000d6b00000)
  from space 1024K, 87% used [0x00000000d6d00000,0x00000000d6de0000,0x00000000d6e00000)
  to   space 1536K, 60% used [0x00000000d6b00000,0x00000000d6be8020,0x00000000d6c80000)
 ParOldGen       total 68608K, used 41872K [0x0000000080000000, 0x0000000084300000, 0x00000000d5580000)
  object space 68608K, 61% used [0x0000000080000000,0x00000000828e4050,0x0000000084300000)
 Metaspace       used 52090K, committed 53440K, reserved 1114112K
  class space    used 5695K, committed 6272K, reserved 1048576K

Card table byte_map: [0x000002d7bffc0000,0x000002d7c03d0000] _byte_map_base: 0x000002d7bfbc0000

Marking Bits: (ParMarkBitMap*) 0x00007ffa27bd3450
 Begin Bits: [0x000002d7d2ad0000, 0x000002d7d4ad0000)
 End Bits:   [0x000002d7d4ad0000, 0x000002d7d6ad0000)

Polling page: 0x000002d7be460000

Metaspace:

Usage:
  Non-class:     45.31 MB used.
      Class:      5.56 MB used.
       Both:     50.87 MB used.

Virtual space:
  Non-class space:       64.00 MB reserved,      46.06 MB ( 72%) committed,  1 nodes.
      Class space:        1.00 GB reserved,       6.12 MB ( <1%) committed,  1 nodes.
             Both:        1.06 GB reserved,      52.19 MB (  5%) committed. 

Chunk freelists:
   Non-Class:  1.91 MB
       Class:  9.73 MB
        Both:  11.64 MB

MaxMetaspaceSize: unlimited
CompressedClassSpaceSize: 1.00 GB
Initial GC threshold: 21.00 MB
Current GC threshold: 58.38 MB
CDS: on
 - commit_granule_bytes: 65536.
 - commit_granule_words: 8192.
 - virtual_space_node_default_size: 8388608.
 - enlarge_chunks_in_place: 1.
 - use_allocation_guard: 0.


Internal statistics:

num_allocs_failed_limit: 8.
num_arena_births: 1024.
num_arena_deaths: 14.
num_vsnodes_births: 2.
num_vsnodes_deaths: 0.
num_space_committed: 835.
num_space_uncommitted: 0.
num_chunks_returned_to_freelist: 22.
num_chunks_taken_from_freelist: 3504.
num_chunk_merges: 8.
num_chunk_splits: 2116.
num_chunks_enlarged: 1109.
num_inconsistent_stats: 0.

CodeHeap 'non-profiled nmethods': size=120000Kb used=3816Kb max_used=3816Kb free=116183Kb
 bounds [0x000002d7cb2f0000, 0x000002d7cb6b0000, 0x000002d7d2820000]
CodeHeap 'profiled nmethods': size=120000Kb used=14819Kb max_used=14819Kb free=105180Kb
 bounds [0x000002d7c3820000, 0x000002d7c46a0000, 0x000002d7cad50000]
CodeHeap 'non-nmethods': size=5760Kb used=1384Kb max_used=1451Kb free=4375Kb
 bounds [0x000002d7cad50000, 0x000002d7cafc0000, 0x000002d7cb2f0000]
CodeCache: size=245760Kb, used=20019Kb, max_used=20086Kb, free=225738Kb
 total_blobs=8069, nmethods=7384, adapters=591, full_count=0
Compilation: enabled, stopped_count=0, restarted_count=0

Compilation events (20 events):
Event: 56.877 Thread 0x000002d81e034f40 7994       3       org.eclipse.core.runtime.Path::parsePortableString (175 bytes)
Event: 56.879 Thread 0x000002d81e034f40 nmethod 7994 0x000002d7c4690b10 code [0x000002d7c4690e20, 0x000002d7c4691df0]
Event: 56.879 Thread 0x000002d81e034f40 7996  s!   3       com.sun.jna.internal.Cleaner::add (94 bytes)
Event: 56.880 Thread 0x000002d81e034f40 nmethod 7996 0x000002d7c4692510 code [0x000002d7c4692760, 0x000002d7c46930d0]
Event: 56.880 Thread 0x000002d81e034f40 7997       3       com.sun.jna.Memory::<init> (121 bytes)
Event: 56.880 Thread 0x000002d81e034f40 nmethod 7997 0x000002d7c4693590 code [0x000002d7c46938a0, 0x000002d7c4694798]
Event: 56.880 Thread 0x000002d81e034f40 7998       3       com.sun.jna.Memory::malloc (5 bytes)
Event: 56.881 Thread 0x000002d81e034f40 nmethod 7998 0x000002d7c4694d90 code [0x000002d7c4694f40, 0x000002d7c4695058]
Event: 56.881 Thread 0x000002d81e034f40 7999       3       com.sun.jna.Memory$MemoryDisposer::<init> (10 bytes)
Event: 56.881 Thread 0x000002d81e034f40 nmethod 7999 0x000002d7c4695110 code [0x000002d7c46952c0, 0x000002d7c4695428]
Event: 56.881 Thread 0x000002d81e034f40 8000       3       com.sun.jna.internal.Cleaner$CleanerRef::clean (21 bytes)
Event: 56.881 Thread 0x000002d81e034f40 nmethod 8000 0x000002d7c4695510 code [0x000002d7c46956e0, 0x000002d7c4695990]
Event: 62.453 Thread 0x000002d81e034f40 8001   !   3       java.util.concurrent.ConcurrentHashMap::putVal (432 bytes)
Event: 62.454 Thread 0x000002d81e034f40 nmethod 8001 0x000002d7c4695b10 code [0x000002d7c4695e80, 0x000002d7c4697758]
Event: 67.013 Thread 0x000002d81e010b20 8002   !   4       java.io.BufferedOutputStream::write (73 bytes)
Event: 67.013 Thread 0x000002d81e034f40 8004       3       org.eclipse.osgi.framework.util.FilePath::<init> (10 bytes)
Event: 67.013 Thread 0x000002d81e034f40 nmethod 8004 0x000002d7c4698110 code [0x000002d7c46982c0, 0x000002d7c4698458]
Event: 67.013 Thread 0x000002d81e034f40 8005       3       org.eclipse.osgi.framework.util.FilePath::matchingFirstSegments (63 bytes)
Event: 67.014 Thread 0x000002d81e034f40 nmethod 8005 0x000002d7c4698510 code [0x000002d7c4698700, 0x000002d7c4698ab8]
Event: 67.014 Thread 0x000002d81e034f40 8009       3       org.eclipse.osgi.framework.util.FilePath::makeRelative (171 bytes)

GC Heap History (20 events):
Event: 42.784 GC heap after
{Heap after GC invocations=23 (full 2):
 PSYoungGen      total 23040K, used 504K [0x00000000d5580000, 0x00000000d6d00000, 0x0000000100000000)
  eden space 22016K, 0% used [0x00000000d5580000,0x00000000d5580000,0x00000000d6b00000)
  from space 1024K, 49% used [0x00000000d6b00000,0x00000000d6b7e1a8,0x00000000d6c00000)
  to   space 1024K, 0% used [0x00000000d6c00000,0x00000000d6c00000,0x00000000d6d00000)
 ParOldGen       total 68608K, used 26313K [0x0000000080000000, 0x0000000084300000, 0x00000000d5580000)
  object space 68608K, 38% used [0x0000000080000000,0x00000000819b2500,0x0000000084300000)
 Metaspace       used 47760K, committed 49088K, reserved 1114112K
  class space    used 5235K, committed 5824K, reserved 1048576K
}
Event: 43.046 GC heap before
{Heap before GC invocations=24 (full 2):
 PSYoungGen      total 23040K, used 22520K [0x00000000d5580000, 0x00000000d6d00000, 0x0000000100000000)
  eden space 22016K, 100% used [0x00000000d5580000,0x00000000d6b00000,0x00000000d6b00000)
  from space 1024K, 49% used [0x00000000d6b00000,0x00000000d6b7e1a8,0x00000000d6c00000)
  to   space 1024K, 0% used [0x00000000d6c00000,0x00000000d6c00000,0x00000000d6d00000)
 ParOldGen       total 68608K, used 26313K [0x0000000080000000, 0x0000000084300000, 0x00000000d5580000)
  object space 68608K, 38% used [0x0000000080000000,0x00000000819b2500,0x0000000084300000)
 Metaspace       used 48945K, committed 50304K, reserved 1114112K
  class space    used 5328K, committed 5888K, reserved 1048576K
}
Event: 46.047 GC heap after
{Heap after GC invocations=24 (full 2):
 PSYoungGen      total 23040K, used 992K [0x00000000d5580000, 0x00000000d6d00000, 0x0000000100000000)
  eden space 22016K, 0% used [0x00000000d5580000,0x00000000d5580000,0x00000000d6b00000)
  from space 1024K, 96% used [0x00000000d6c00000,0x00000000d6cf8030,0x00000000d6d00000)
  to   space 1024K, 0% used [0x00000000d6b00000,0x00000000d6b00000,0x00000000d6c00000)
 ParOldGen       total 68608K, used 27262K [0x0000000080000000, 0x0000000084300000, 0x00000000d5580000)
  object space 68608K, 39% used [0x0000000080000000,0x0000000081a9f9e8,0x0000000084300000)
 Metaspace       used 48945K, committed 50304K, reserved 1114112K
  class space    used 5328K, committed 5888K, reserved 1048576K
}
Event: 46.126 GC heap before
{Heap before GC invocations=25 (full 2):
 PSYoungGen      total 23040K, used 23008K [0x00000000d5580000, 0x00000000d6d00000, 0x0000000100000000)
  eden space 22016K, 100% used [0x00000000d5580000,0x00000000d6b00000,0x00000000d6b00000)
  from space 1024K, 96% used [0x00000000d6c00000,0x00000000d6cf8030,0x00000000d6d00000)
  to   space 1024K, 0% used [0x00000000d6b00000,0x00000000d6b00000,0x00000000d6c00000)
 ParOldGen       total 68608K, used 27262K [0x0000000080000000, 0x0000000084300000, 0x00000000d5580000)
  object space 68608K, 39% used [0x0000000080000000,0x0000000081a9f9e8,0x0000000084300000)
 Metaspace       used 48948K, committed 50304K, reserved 1114112K
  class space    used 5328K, committed 5888K, reserved 1048576K
}
Event: 46.129 GC heap after
{Heap after GC invocations=25 (full 2):
 PSYoungGen      total 23040K, used 992K [0x00000000d5580000, 0x00000000d7100000, 0x0000000100000000)
  eden space 22016K, 0% used [0x00000000d5580000,0x00000000d5580000,0x00000000d6b00000)
  from space 1024K, 96% used [0x00000000d6b00000,0x00000000d6bf8010,0x00000000d6c00000)
  to   space 3072K, 0% used [0x00000000d6e00000,0x00000000d6e00000,0x00000000d7100000)
 ParOldGen       total 68608K, used 29099K [0x0000000080000000, 0x0000000084300000, 0x00000000d5580000)
  object space 68608K, 42% used [0x0000000080000000,0x0000000081c6aff0,0x0000000084300000)
 Metaspace       used 48948K, committed 50304K, reserved 1114112K
  class space    used 5328K, committed 5888K, reserved 1048576K
}
Event: 46.275 GC heap before
{Heap before GC invocations=26 (full 2):
 PSYoungGen      total 23040K, used 23008K [0x00000000d5580000, 0x00000000d7100000, 0x0000000100000000)
  eden space 22016K, 100% used [0x00000000d5580000,0x00000000d6b00000,0x00000000d6b00000)
  from space 1024K, 96% used [0x00000000d6b00000,0x00000000d6bf8010,0x00000000d6c00000)
  to   space 3072K, 0% used [0x00000000d6e00000,0x00000000d6e00000,0x00000000d7100000)
 ParOldGen       total 68608K, used 29099K [0x0000000080000000, 0x0000000084300000, 0x00000000d5580000)
  object space 68608K, 42% used [0x0000000080000000,0x0000000081c6aff0,0x0000000084300000)
 Metaspace       used 49352K, committed 50624K, reserved 1114112K
  class space    used 5392K, committed 5952K, reserved 1048576K
}
Event: 46.278 GC heap after
{Heap after GC invocations=26 (full 2):
 PSYoungGen      total 25088K, used 2498K [0x00000000d5580000, 0x00000000d7100000, 0x0000000100000000)
  eden space 22016K, 0% used [0x00000000d5580000,0x00000000d5580000,0x00000000d6b00000)
  from space 3072K, 81% used [0x00000000d6e00000,0x00000000d7070840,0x00000000d7100000)
  to   space 3072K, 0% used [0x00000000d6b00000,0x00000000d6b00000,0x00000000d6e00000)
 ParOldGen       total 68608K, used 30067K [0x0000000080000000, 0x0000000084300000, 0x00000000d5580000)
  object space 68608K, 43% used [0x0000000080000000,0x0000000081d5cff0,0x0000000084300000)
 Metaspace       used 49352K, committed 50624K, reserved 1114112K
  class space    used 5392K, committed 5952K, reserved 1048576K
}
Event: 46.357 GC heap before
{Heap before GC invocations=27 (full 2):
 PSYoungGen      total 25088K, used 24514K [0x00000000d5580000, 0x00000000d7100000, 0x0000000100000000)
  eden space 22016K, 100% used [0x00000000d5580000,0x00000000d6b00000,0x00000000d6b00000)
  from space 3072K, 81% used [0x00000000d6e00000,0x00000000d7070840,0x00000000d7100000)
  to   space 3072K, 0% used [0x00000000d6b00000,0x00000000d6b00000,0x00000000d6e00000)
 ParOldGen       total 68608K, used 30067K [0x0000000080000000, 0x0000000084300000, 0x00000000d5580000)
  object space 68608K, 43% used [0x0000000080000000,0x0000000081d5cff0,0x0000000084300000)
 Metaspace       used 49376K, committed 50688K, reserved 1114112K
  class space    used 5392K, committed 5952K, reserved 1048576K
}
Event: 46.361 GC heap after
{Heap after GC invocations=27 (full 2):
 PSYoungGen      total 24576K, used 2112K [0x00000000d5580000, 0x00000000d7000000, 0x0000000100000000)
  eden space 22016K, 0% used [0x00000000d5580000,0x00000000d5580000,0x00000000d6b00000)
  from space 2560K, 82% used [0x00000000d6b00000,0x00000000d6d10000,0x00000000d6d80000)
  to   space 2560K, 0% used [0x00000000d6d80000,0x00000000d6d80000,0x00000000d7000000)
 ParOldGen       total 68608K, used 32414K [0x0000000080000000, 0x0000000084300000, 0x00000000d5580000)
  object space 68608K, 47% used [0x0000000080000000,0x0000000081fa7a50,0x0000000084300000)
 Metaspace       used 49376K, committed 50688K, reserved 1114112K
  class space    used 5392K, committed 5952K, reserved 1048576K
}
Event: 46.423 GC heap before
{Heap before GC invocations=28 (full 2):
 PSYoungGen      total 24576K, used 24128K [0x00000000d5580000, 0x00000000d7000000, 0x0000000100000000)
  eden space 22016K, 100% used [0x00000000d5580000,0x00000000d6b00000,0x00000000d6b00000)
  from space 2560K, 82% used [0x00000000d6b00000,0x00000000d6d10000,0x00000000d6d80000)
  to   space 2560K, 0% used [0x00000000d6d80000,0x00000000d6d80000,0x00000000d7000000)
 ParOldGen       total 68608K, used 32414K [0x0000000080000000, 0x0000000084300000, 0x00000000d5580000)
  object space 68608K, 47% used [0x0000000080000000,0x0000000081fa7a50,0x0000000084300000)
 Metaspace       used 49386K, committed 50688K, reserved 1114112K
  class space    used 5392K, committed 5952K, reserved 1048576K
}
Event: 46.426 GC heap after
{Heap after GC invocations=28 (full 2):
 PSYoungGen      total 24576K, used 2148K [0x00000000d5580000, 0x00000000d7000000, 0x0000000100000000)
  eden space 22016K, 0% used [0x00000000d5580000,0x00000000d5580000,0x00000000d6b00000)
  from space 2560K, 83% used [0x00000000d6d80000,0x00000000d6f99000,0x00000000d7000000)
  to   space 2560K, 0% used [0x00000000d6b00000,0x00000000d6b00000,0x00000000d6d80000)
 ParOldGen       total 68608K, used 34397K [0x0000000080000000, 0x0000000084300000, 0x00000000d5580000)
  object space 68608K, 50% used [0x0000000080000000,0x0000000082197400,0x0000000084300000)
 Metaspace       used 49386K, committed 50688K, reserved 1114112K
  class space    used 5392K, committed 5952K, reserved 1048576K
}
Event: 46.531 GC heap before
{Heap before GC invocations=29 (full 2):
 PSYoungGen      total 24576K, used 24164K [0x00000000d5580000, 0x00000000d7000000, 0x0000000100000000)
  eden space 22016K, 100% used [0x00000000d5580000,0x00000000d6b00000,0x00000000d6b00000)
  from space 2560K, 83% used [0x00000000d6d80000,0x00000000d6f99000,0x00000000d7000000)
  to   space 2560K, 0% used [0x00000000d6b00000,0x00000000d6b00000,0x00000000d6d80000)
 ParOldGen       total 68608K, used 34397K [0x0000000080000000, 0x0000000084300000, 0x00000000d5580000)
  object space 68608K, 50% used [0x0000000080000000,0x0000000082197400,0x0000000084300000)
 Metaspace       used 49420K, committed 50688K, reserved 1114112K
  class space    used 5393K, committed 5952K, reserved 1048576K
}
Event: 46.536 GC heap after
{Heap after GC invocations=29 (full 2):
 PSYoungGen      total 24576K, used 2208K [0x00000000d5580000, 0x00000000d7000000, 0x0000000100000000)
  eden space 22016K, 0% used [0x00000000d5580000,0x00000000d5580000,0x00000000d6b00000)
  from space 2560K, 86% used [0x00000000d6b00000,0x00000000d6d28010,0x00000000d6d80000)
  to   space 2560K, 0% used [0x00000000d6d80000,0x00000000d6d80000,0x00000000d7000000)
 ParOldGen       total 68608K, used 36421K [0x0000000080000000, 0x0000000084300000, 0x00000000d5580000)
  object space 68608K, 53% used [0x0000000080000000,0x0000000082391500,0x0000000084300000)
 Metaspace       used 49420K, committed 50688K, reserved 1114112K
  class space    used 5393K, committed 5952K, reserved 1048576K
}
Event: 46.623 GC heap before
{Heap before GC invocations=30 (full 2):
 PSYoungGen      total 24576K, used 24224K [0x00000000d5580000, 0x00000000d7000000, 0x0000000100000000)
  eden space 22016K, 100% used [0x00000000d5580000,0x00000000d6b00000,0x00000000d6b00000)
  from space 2560K, 86% used [0x00000000d6b00000,0x00000000d6d28010,0x00000000d6d80000)
  to   space 2560K, 0% used [0x00000000d6d80000,0x00000000d6d80000,0x00000000d7000000)
 ParOldGen       total 68608K, used 36421K [0x0000000080000000, 0x0000000084300000, 0x00000000d5580000)
  object space 68608K, 53% used [0x0000000080000000,0x0000000082391500,0x0000000084300000)
 Metaspace       used 49460K, committed 50752K, reserved 1114112K
  class space    used 5393K, committed 5952K, reserved 1048576K
}
Event: 46.627 GC heap after
{Heap after GC invocations=30 (full 2):
 PSYoungGen      total 24064K, used 1952K [0x00000000d5580000, 0x00000000d6f80000, 0x0000000100000000)
  eden space 22016K, 0% used [0x00000000d5580000,0x00000000d5580000,0x00000000d6b00000)
  from space 2048K, 95% used [0x00000000d6d80000,0x00000000d6f68000,0x00000000d6f80000)
  to   space 2048K, 0% used [0x00000000d6b80000,0x00000000d6b80000,0x00000000d6d80000)
 ParOldGen       total 68608K, used 38501K [0x0000000080000000, 0x0000000084300000, 0x00000000d5580000)
  object space 68608K, 56% used [0x0000000080000000,0x0000000082599510,0x0000000084300000)
 Metaspace       used 49460K, committed 50752K, reserved 1114112K
  class space    used 5393K, committed 5952K, reserved 1048576K
}
Event: 46.821 GC heap before
{Heap before GC invocations=31 (full 2):
 PSYoungGen      total 24064K, used 23968K [0x00000000d5580000, 0x00000000d6f80000, 0x0000000100000000)
  eden space 22016K, 100% used [0x00000000d5580000,0x00000000d6b00000,0x00000000d6b00000)
  from space 2048K, 95% used [0x00000000d6d80000,0x00000000d6f68000,0x00000000d6f80000)
  to   space 2048K, 0% used [0x00000000d6b80000,0x00000000d6b80000,0x00000000d6d80000)
 ParOldGen       total 68608K, used 38501K [0x0000000080000000, 0x0000000084300000, 0x00000000d5580000)
  object space 68608K, 56% used [0x0000000080000000,0x0000000082599510,0x0000000084300000)
 Metaspace       used 50633K, committed 51904K, reserved 1114112K
  class space    used 5531K, committed 6080K, reserved 1048576K
}
Event: 46.825 GC heap after
{Heap after GC invocations=31 (full 2):
 PSYoungGen      total 23552K, used 1386K [0x00000000d5580000, 0x00000000d6f00000, 0x0000000100000000)
  eden space 22016K, 0% used [0x00000000d5580000,0x00000000d5580000,0x00000000d6b00000)
  from space 1536K, 90% used [0x00000000d6b80000,0x00000000d6cdaa80,0x00000000d6d00000)
  to   space 2048K, 0% used [0x00000000d6d00000,0x00000000d6d00000,0x00000000d6f00000)
 ParOldGen       total 68608K, used 40317K [0x0000000080000000, 0x0000000084300000, 0x00000000d5580000)
  object space 68608K, 58% used [0x0000000080000000,0x000000008275f710,0x0000000084300000)
 Metaspace       used 50633K, committed 51904K, reserved 1114112K
  class space    used 5531K, committed 6080K, reserved 1048576K
}
Event: 47.051 GC heap before
{Heap before GC invocations=32 (full 2):
 PSYoungGen      total 23552K, used 23402K [0x00000000d5580000, 0x00000000d6f00000, 0x0000000100000000)
  eden space 22016K, 100% used [0x00000000d5580000,0x00000000d6b00000,0x00000000d6b00000)
  from space 1536K, 90% used [0x00000000d6b80000,0x00000000d6cdaa80,0x00000000d6d00000)
  to   space 2048K, 0% used [0x00000000d6d00000,0x00000000d6d00000,0x00000000d6f00000)
 ParOldGen       total 68608K, used 40317K [0x0000000080000000, 0x0000000084300000, 0x00000000d5580000)
  object space 68608K, 58% used [0x0000000080000000,0x000000008275f710,0x0000000084300000)
 Metaspace       used 51222K, committed 52608K, reserved 1114112K
  class space    used 5622K, committed 6208K, reserved 1048576K
}
Event: 47.055 GC heap after
{Heap after GC invocations=32 (full 2):
 PSYoungGen      total 23040K, used 896K [0x00000000d5580000, 0x00000000d6e00000, 0x0000000100000000)
  eden space 22016K, 0% used [0x00000000d5580000,0x00000000d5580000,0x00000000d6b00000)
  from space 1024K, 87% used [0x00000000d6d00000,0x00000000d6de0000,0x00000000d6e00000)
  to   space 1536K, 0% used [0x00000000d6b00000,0x00000000d6b00000,0x00000000d6c80000)
 ParOldGen       total 68608K, used 41421K [0x0000000080000000, 0x0000000084300000, 0x00000000d5580000)
  object space 68608K, 60% used [0x0000000080000000,0x0000000082873750,0x0000000084300000)
 Metaspace       used 51222K, committed 52608K, reserved 1114112K
  class space    used 5622K, committed 6208K, reserved 1048576K
}
Event: 67.018 GC heap before
{Heap before GC invocations=33 (full 2):
 PSYoungGen      total 23040K, used 22912K [0x00000000d5580000, 0x00000000d6e00000, 0x0000000100000000)
  eden space 22016K, 100% used [0x00000000d5580000,0x00000000d6b00000,0x00000000d6b00000)
  from space 1024K, 87% used [0x00000000d6d00000,0x00000000d6de0000,0x00000000d6e00000)
  to   space 1536K, 0% used [0x00000000d6b00000,0x00000000d6b00000,0x00000000d6c80000)
 ParOldGen       total 68608K, used 41421K [0x0000000080000000, 0x0000000084300000, 0x00000000d5580000)
  object space 68608K, 60% used [0x0000000080000000,0x0000000082873750,0x0000000084300000)
 Metaspace       used 52090K, committed 53440K, reserved 1114112K
  class space    used 5695K, committed 6272K, reserved 1048576K
}

Dll operation events (10 events):
Event: 0.137 Loaded shared library c:\Users\Felipe Gabriel\.vscode\extensions\redhat.java-1.54.0-win32-x64\jre\21.0.10-win32-x86_64\bin\java.dll
Event: 0.232 Loaded shared library c:\Users\Felipe Gabriel\.vscode\extensions\redhat.java-1.54.0-win32-x64\jre\21.0.10-win32-x86_64\bin\zip.dll
Event: 0.257 Loaded shared library C:\Users\Felipe Gabriel\.vscode\extensions\redhat.java-1.54.0-win32-x64\jre\21.0.10-win32-x86_64\bin\instrument.dll
Event: 0.348 Loaded shared library C:\Users\Felipe Gabriel\.vscode\extensions\redhat.java-1.54.0-win32-x64\jre\21.0.10-win32-x86_64\bin\net.dll
Event: 0.445 Loaded shared library C:\Users\Felipe Gabriel\.vscode\extensions\redhat.java-1.54.0-win32-x64\jre\21.0.10-win32-x86_64\bin\nio.dll
Event: 0.449 Loaded shared library C:\Users\Felipe Gabriel\.vscode\extensions\redhat.java-1.54.0-win32-x64\jre\21.0.10-win32-x86_64\bin\zip.dll
Event: 0.467 Loaded shared library C:\Users\Felipe Gabriel\.vscode\extensions\redhat.java-1.54.0-win32-x64\jre\21.0.10-win32-x86_64\bin\jimage.dll
Event: 0.594 Loaded shared library c:\Users\Felipe Gabriel\.vscode\extensions\redhat.java-1.54.0-win32-x64\jre\21.0.10-win32-x86_64\bin\verify.dll
Event: 20.363 Loaded shared library C:\Users\Felipe Gabriel\AppData\Roaming\Code\User\globalStorage\redhat.java\1.54.0\config_win\org.eclipse.equinox.launcher\org.eclipse.equinox.launcher.win32.win32.x86_64_1.3.0.v20260203-2149\eclipse_11919.dll
Event: 35.850 Loaded shared library C:\Users\Felipe Gabriel\AppData\Local\Temp\jna--547907529\jna17412114689059621913.dll

Deoptimization events (20 events):
Event: 47.519 Thread 0x000002d81f72b0a0 DEOPT PACKING pc=0x000002d7cb5b5d88 sp=0x000000d85b7fe920
Event: 47.519 Thread 0x000002d81f72b0a0 DEOPT UNPACKING pc=0x000002d7cada3aa2 sp=0x000000d85b7fe8a8 mode 2
Event: 47.520 Thread 0x000002d81f72b0a0 DEOPT PACKING pc=0x000002d7c40275d6 sp=0x000000d85b7fe880
Event: 47.520 Thread 0x000002d81f72b0a0 DEOPT UNPACKING pc=0x000002d7cada4242 sp=0x000000d85b7fdd90 mode 0
Event: 47.671 Thread 0x000002d81f72b0a0 DEOPT PACKING pc=0x000002d7c3e6211f sp=0x000000d85b7fe5f0
Event: 47.671 Thread 0x000002d81f72b0a0 DEOPT UNPACKING pc=0x000002d7cada4242 sp=0x000000d85b7fdac8 mode 0
Event: 47.740 Thread 0x000002d81f72b0a0 Uncommon trap: trap_request=0xffffff45 fr.pc=0x000002d7cb4eb2dc relative=0x00000000000005dc
Event: 47.740 Thread 0x000002d81f72b0a0 Uncommon trap: reason=unstable_if action=reinterpret pc=0x000002d7cb4eb2dc method=java.util.HashMap.putVal(ILjava/lang/Object;Ljava/lang/Object;ZZ)Ljava/lang/Object; @ 236 c2
Event: 47.740 Thread 0x000002d81f72b0a0 DEOPT PACKING pc=0x000002d7cb4eb2dc sp=0x000000d85b7fe410
Event: 47.740 Thread 0x000002d81f72b0a0 DEOPT UNPACKING pc=0x000002d7cada3aa2 sp=0x000000d85b7fe388 mode 2
Event: 47.759 Thread 0x000002d820ce7cd0 DEOPT PACKING pc=0x000002d7c3e03c39 sp=0x000000d85d0fd940
Event: 47.759 Thread 0x000002d820ce7cd0 DEOPT UNPACKING pc=0x000002d7cada4242 sp=0x000000d85d0fce40 mode 0
Event: 47.814 Thread 0x000002d820ce7cd0 DEOPT PACKING pc=0x000002d7c44c230b sp=0x000000d85d0fddd0
Event: 47.814 Thread 0x000002d820ce7cd0 DEOPT UNPACKING pc=0x000002d7cada4242 sp=0x000000d85d0fd2b8 mode 0
Event: 47.814 Thread 0x000002d820ce7cd0 DEOPT PACKING pc=0x000002d7c38c2ff8 sp=0x000000d85d0fdb40
Event: 47.814 Thread 0x000002d820ce7cd0 DEOPT UNPACKING pc=0x000002d7cada4242 sp=0x000000d85d0fd028 mode 0
Event: 50.000 Thread 0x000002d8215dc840 Uncommon trap: trap_request=0xffffff45 fr.pc=0x000002d7cb697988 relative=0x0000000000000fc8
Event: 50.000 Thread 0x000002d8215dc840 Uncommon trap: reason=unstable_if action=reinterpret pc=0x000002d7cb697988 method=java.util.concurrent.ConcurrentHashMap.addCount(JI)V @ 68 c2
Event: 50.000 Thread 0x000002d8215dc840 DEOPT PACKING pc=0x000002d7cb697988 sp=0x000000d85c8fd6e0
Event: 50.000 Thread 0x000002d8215dc840 DEOPT UNPACKING pc=0x000002d7cada3aa2 sp=0x000000d85c8fd5b0 mode 2

Classes loaded (20 events):
Event: 46.211 Loading class java/nio/channels/NonWritableChannelException
Event: 46.212 Loading class java/nio/channels/NonWritableChannelException done
Event: 46.498 Loading class java/lang/invoke/MethodHandleImpl$CountingWrapper$1
Event: 46.498 Loading class java/lang/invoke/MethodHandleImpl$CountingWrapper$1 done
Event: 47.835 Loading class java/util/stream/ReduceOps$5
Event: 47.836 Loading class java/util/stream/ReduceOps$5 done
Event: 47.836 Loading class java/util/stream/ReduceOps$CountingSink$OfRef
Event: 47.836 Loading class java/util/stream/ReduceOps$CountingSink
Event: 47.836 Loading class java/util/stream/ReduceOps$CountingSink done
Event: 47.836 Loading class java/util/stream/ReduceOps$CountingSink$OfRef done
Event: 47.878 Loading class java/util/stream/ReduceOps$1
Event: 47.879 Loading class java/util/stream/ReduceOps$1 done
Event: 47.879 Loading class java/util/stream/ReduceOps$1ReducingSink
Event: 47.879 Loading class java/util/stream/ReduceOps$1ReducingSink done
Event: 50.001 Loading class java/util/stream/DistinctOps
Event: 50.002 Loading class java/util/stream/DistinctOps done
Event: 50.002 Loading class java/util/stream/DistinctOps$1
Event: 50.003 Loading class java/util/stream/DistinctOps$1 done
Event: 50.006 Loading class java/util/stream/DistinctOps$1$2
Event: 50.006 Loading class java/util/stream/DistinctOps$1$2 done

Classes unloaded (7 events):
Event: 36.462 Thread 0x000002d7c06debd0 Unloading class 0x000002d7d81a5000 'java/lang/invoke/LambdaForm$MH+0x000002d7d81a5000'
Event: 36.462 Thread 0x000002d7c06debd0 Unloading class 0x000002d7d81a4c00 'java/lang/invoke/LambdaForm$MH+0x000002d7d81a4c00'
Event: 36.462 Thread 0x000002d7c06debd0 Unloading class 0x000002d7d81a4800 'java/lang/invoke/LambdaForm$MH+0x000002d7d81a4800'
Event: 36.462 Thread 0x000002d7c06debd0 Unloading class 0x000002d7d81a4400 'java/lang/invoke/LambdaForm$MH+0x000002d7d81a4400'
Event: 36.462 Thread 0x000002d7c06debd0 Unloading class 0x000002d7d81a4000 'java/lang/invoke/LambdaForm$BMH+0x000002d7d81a4000'
Event: 36.462 Thread 0x000002d7c06debd0 Unloading class 0x000002d7d81a3c00 'java/lang/invoke/LambdaForm$DMH+0x000002d7d81a3c00'
Event: 36.462 Thread 0x000002d7c06debd0 Unloading class 0x000002d7d81a2800 'java/lang/invoke/LambdaForm$DMH+0x000002d7d81a2800'

Classes redefined (0 events):
No events

Internal exceptions (20 events):
Event: 47.722 Thread 0x000002d820ce7cd0 Exception <a 'sun/nio/fs/WindowsException'{0x00000000d64fc458}> (0x00000000d64fc458) 
thrown [s\src\hotspot\share\prims\jni.cpp, line 520]
Event: 47.723 Thread 0x000002d820ce7cd0 Exception <a 'sun/nio/fs/WindowsException'{0x00000000d64fd828}> (0x00000000d64fd828) 
thrown [s\src\hotspot\share\prims\jni.cpp, line 520]
Event: 47.723 Thread 0x000002d820ce7cd0 Exception <a 'sun/nio/fs/WindowsException'{0x00000000d64fe108}> (0x00000000d64fe108) 
thrown [s\src\hotspot\share\prims\jni.cpp, line 520]
Event: 47.724 Thread 0x000002d820ce7cd0 Exception <a 'sun/nio/fs/WindowsException'{0x00000000d64ff4f0}> (0x00000000d64ff4f0) 
thrown [s\src\hotspot\share\prims\jni.cpp, line 520]
Event: 47.724 Thread 0x000002d820ce7cd0 Exception <a 'sun/nio/fs/WindowsException'{0x00000000d6500058}> (0x00000000d6500058) 
thrown [s\src\hotspot\share\prims\jni.cpp, line 520]
Event: 47.724 Thread 0x000002d820ce7cd0 Exception <a 'sun/nio/fs/WindowsException'{0x00000000d6530290}> (0x00000000d6530290) 
thrown [s\src\hotspot\share\prims\jni.cpp, line 520]
Event: 47.724 Thread 0x000002d820ce7cd0 Exception <a 'sun/nio/fs/WindowsException'{0x00000000d6530df8}> (0x00000000d6530df8) 
thrown [s\src\hotspot\share\prims\jni.cpp, line 520]
Event: 47.724 Thread 0x000002d820ce7cd0 Exception <a 'sun/nio/fs/WindowsException'{0x00000000d65321c8}> (0x00000000d65321c8) 
thrown [s\src\hotspot\share\prims\jni.cpp, line 520]
Event: 47.725 Thread 0x000002d820ce7cd0 Exception <a 'sun/nio/fs/WindowsException'{0x00000000d6532aa8}> (0x00000000d6532aa8) 
thrown [s\src\hotspot\share\prims\jni.cpp, line 520]
Event: 47.837 Thread 0x000002d81f72b0a0 Exception <a 'sun/nio/fs/WindowsException'{0x00000000d6881690}> (0x00000000d6881690) 
thrown [s\src\hotspot\share\prims\jni.cpp, line 520]
Event: 47.837 Thread 0x000002d81f72b0a0 Exception <a 'sun/nio/fs/WindowsException'{0x00000000d6881f48}> (0x00000000d6881f48) 
thrown [s\src\hotspot\share\prims\jni.cpp, line 520]
Event: 47.839 Thread 0x000002d81f72b0a0 Exception <a 'sun/nio/fs/WindowsException'{0x00000000d6883068}> (0x00000000d6883068) 
thrown [s\src\hotspot\share\prims\jni.cpp, line 520]
Event: 47.839 Thread 0x000002d81f72b0a0 Exception <a 'sun/nio/fs/WindowsException'{0x00000000d6883698}> (0x00000000d6883698) 
thrown [s\src\hotspot\share\prims\jni.cpp, line 520]
Event: 47.839 Thread 0x000002d81f72b0a0 Exception <a 'sun/nio/fs/WindowsException'{0x00000000d68847d0}> (0x00000000d68847d0) 
thrown [s\src\hotspot\share\prims\jni.cpp, line 520]
Event: 47.839 Thread 0x000002d81f72b0a0 Exception <a 'sun/nio/fs/WindowsException'{0x00000000d6885088}> (0x00000000d6885088) 
thrown [s\src\hotspot\share\prims\jni.cpp, line 520]
Event: 47.840 Thread 0x000002d81f72b0a0 Exception <a 'sun/nio/fs/WindowsException'{0x00000000d6886d48}> (0x00000000d6886d48) 
thrown [s\src\hotspot\share\prims\jni.cpp, line 520]
Event: 47.840 Thread 0x000002d81f72b0a0 Exception <a 'sun/nio/fs/WindowsException'{0x00000000d6887600}> (0x00000000d6887600) 
thrown [s\src\hotspot\share\prims\jni.cpp, line 520]
Event: 47.840 Thread 0x000002d81f72b0a0 Exception <a 'sun/nio/fs/WindowsException'{0x00000000d6888720}> (0x00000000d6888720) 
thrown [s\src\hotspot\share\prims\jni.cpp, line 520]
Event: 47.841 Thread 0x000002d81f72b0a0 Exception <a 'sun/nio/fs/WindowsException'{0x00000000d6888d50}> (0x00000000d6888d50) 
thrown [s\src\hotspot\share\prims\jni.cpp, line 520]
Event: 50.000 Thread 0x000002d8215dc840 Implicit null exception at 0x000002d7cb696f4e to 0x000002d7cb69797c

ZGC Phase Switch (0 events):
No events

VM Operations (20 events):
Event: 47.047 Executing non-safepoint VM operation: HandshakeAllThreads (Deoptimize) done
Event: 47.051 Executing safepoint VM operation: ParallelGCFailedAllocation (Allocation Failure)
Event: 47.055 Executing safepoint VM operation: ParallelGCFailedAllocation (Allocation Failure) done
Event: 48.061 Executing safepoint VM operation: Cleanup
Event: 48.061 Executing safepoint VM operation: Cleanup done
Event: 50.005 Executing non-safepoint VM operation: HandshakeAllThreads (Deoptimize)
Event: 50.005 Executing non-safepoint VM operation: HandshakeAllThreads (Deoptimize) done
Event: 50.005 Executing safepoint VM operation: Cleanup
Event: 50.005 Executing safepoint VM operation: Cleanup done
Event: 51.009 Executing safepoint VM operation: Cleanup
Event: 51.009 Executing safepoint VM operation: Cleanup done
Event: 52.014 Executing safepoint VM operation: Cleanup
Event: 52.014 Executing safepoint VM operation: Cleanup done
Event: 57.052 Executing safepoint VM operation: Cleanup
Event: 57.052 Executing safepoint VM operation: Cleanup done
Event: 60.284 Executing non-safepoint VM operation: HandshakeAllThreads (HandshakeForDeflation)
Event: 60.284 Executing non-safepoint VM operation: HandshakeAllThreads (HandshakeForDeflation) done
Event: 60.284 Executing non-safepoint VM operation: RendezvousGCThreads
Event: 60.284 Executing non-safepoint VM operation: RendezvousGCThreads done
Event: 67.018 Executing safepoint VM operation: ParallelGCFailedAllocation (Allocation Failure)

Memory protections (0 events):
No events

Nmethod flushes (20 events):
Event: 38.307 Thread 0x000002d7c06debd0 flushing  nmethod 0x000002d7c3ef3710
Event: 38.307 Thread 0x000002d7c06debd0 flushing  nmethod 0x000002d7c3ef4010
Event: 38.307 Thread 0x000002d7c06debd0 flushing  nmethod 0x000002d7c3ef5210
Event: 38.307 Thread 0x000002d7c06debd0 flushing  nmethod 0x000002d7c3ef5e90
Event: 38.307 Thread 0x000002d7c06debd0 flushing  nmethod 0x000002d7c3ef6610
Event: 38.307 Thread 0x000002d7c06debd0 flushing  nmethod 0x000002d7c3ef6f90
Event: 38.307 Thread 0x000002d7c06debd0 flushing  nmethod 0x000002d7c3ef8c10
Event: 38.307 Thread 0x000002d7c06debd0 flushing  nmethod 0x000002d7c3ef9d10
Event: 38.307 Thread 0x000002d7c06debd0 flushing  nmethod 0x000002d7c3efa690
Event: 38.307 Thread 0x000002d7c06debd0 flushing  nmethod 0x000002d7c3efab90
Event: 38.307 Thread 0x000002d7c06debd0 flushing  nmethod 0x000002d7c3efbe10
Event: 38.307 Thread 0x000002d7c06debd0 flushing  nmethod 0x000002d7c3f31690
Event: 38.307 Thread 0x000002d7c06debd0 flushing  nmethod 0x000002d7c3f35210
Event: 38.307 Thread 0x000002d7c06debd0 flushing  nmethod 0x000002d7c3f37510
Event: 38.307 Thread 0x000002d7c06debd0 flushing  nmethod 0x000002d7c3f49390
Event: 38.307 Thread 0x000002d7c06debd0 flushing  nmethod 0x000002d7c3f49d10
Event: 38.307 Thread 0x000002d7c06debd0 flushing  nmethod 0x000002d7c3f4a210
Event: 38.307 Thread 0x000002d7c06debd0 flushing  nmethod 0x000002d7c3f90a10
Event: 38.307 Thread 0x000002d7c06debd0 flushing  nmethod 0x000002d7c3fa7390
Event: 38.307 Thread 0x000002d7c06debd0 flushing  nmethod 0x000002d7c3fcf910

Events (20 events):
Event: 39.053 Thread 0x000002d8215ddbf0 Thread added: 0x000002d8215de910
Event: 39.054 Thread 0x000002d8215de910 Thread added: 0x000002d820cea430
Event: 39.055 Thread 0x000002d820cea430 Thread added: 0x000002d820ce89f0
Event: 39.057 Thread 0x000002d820ce89f0 Thread added: 0x000002d820ce9710
Event: 39.058 Thread 0x000002d820ce9710 Thread added: 0x000002d820ce7cd0
Event: 40.324 Thread 0x000002d81f72b730 Thread added: 0x000002d820ceb7e0
Event: 41.291 Thread 0x000002d81f4e7e40 Thread exited: 0x000002d81f4e7e40
Event: 42.684 Thread 0x000002d820ceb7e0 Thread exited: 0x000002d820ceb7e0
Event: 46.105 Thread 0x000002d81e034f40 Thread added: 0x000002d81f1816f0
Event: 46.837 Thread 0x000002d81f72b0a0 Thread added: 0x000002d820ce9080
Event: 46.837 Thread 0x000002d81f72b0a0 Thread added: 0x000002d820ceb150
Event: 46.838 Thread 0x000002d81f72b0a0 Thread added: 0x000002d820ce8360
Event: 46.838 Thread 0x000002d81f72b0a0 Thread added: 0x000002d820cecb90
Event: 46.838 Thread 0x000002d81f72b0a0 Thread added: 0x000002d820ceec60
Event: 47.444 Thread 0x000002d820ce8360 Thread exited: 0x000002d820ce8360
Event: 47.444 Thread 0x000002d820ce9080 Thread exited: 0x000002d820ce9080
Event: 47.444 Thread 0x000002d820ceec60 Thread exited: 0x000002d820ceec60
Event: 47.444 Thread 0x000002d820cecb90 Thread exited: 0x000002d820cecb90
Event: 47.444 Thread 0x000002d820ceb150 Thread exited: 0x000002d820ceb150
Event: 50.008 Thread 0x000002d81f1816f0 Thread exited: 0x000002d81f1816f0


Dynamic libraries:
0x00007ff7104f0000 - 0x00007ff7104fe000 	c:\Users\Felipe Gabriel\.vscode\extensions\redhat.java-1.54.0-win32-x64\jre\21.0.10-win32-x86_64\bin\java.exe
0x00007ffae1ca0000 - 0x00007ffae1f06000 	C:\WINDOWS\SYSTEM32\ntdll.dll
0x00007ffae0e20000 - 0x00007ffae0ee9000 	C:\WINDOWS\System32\KERNEL32.DLL
0x00007ffadf610000 - 0x00007ffadfa0a000 	C:\WINDOWS\System32\KERNELBASE.dll
0x00007ffadefc0000 - 0x00007ffadf10c000 	C:\WINDOWS\System32\ucrtbase.dll
0x00007ffaca740000 - 0x00007ffaca758000 	c:\Users\Felipe Gabriel\.vscode\extensions\redhat.java-1.54.0-win32-x64\jre\21.0.10-win32-x86_64\bin\jli.dll
0x00007ffae1860000 - 0x00007ffae1a27000 	C:\WINDOWS\System32\USER32.dll
0x00007ffadf240000 - 0x00007ffadf267000 	C:\WINDOWS\System32\win32u.dll
0x00007ffa8be30000 - 0x00007ffa8be4e000 	c:\Users\Felipe Gabriel\.vscode\extensions\redhat.java-1.54.0-win32-x64\jre\21.0.10-win32-x86_64\bin\VCRUNTIME140.dll
0x00007ffadfbc0000 - 0x00007ffadfbeb000 	C:\WINDOWS\System32\GDI32.dll
0x00007ffadf110000 - 0x00007ffadf23b000 	C:\WINDOWS\System32\gdi32full.dll
0x00007ffac4100000 - 0x00007ffac4392000 	C:\WINDOWS\WinSxS\amd64_microsoft.windows.common-controls_6595b64144ccf1df_6.0.26100.8521_none_3e08b75ce33403b3\COMCTL32.dll
0x00007ffadf560000 - 0x00007ffadf603000 	C:\WINDOWS\System32\msvcp_win.dll
0x00007ffae1780000 - 0x00007ffae1829000 	C:\WINDOWS\System32\msvcrt.dll
0x00007ffae15a0000 - 0x00007ffae15d2000 	C:\WINDOWS\System32\IMM32.DLL
0x00007ffac9770000 - 0x00007ffac977c000 	c:\Users\Felipe Gabriel\.vscode\extensions\redhat.java-1.54.0-win32-x64\jre\21.0.10-win32-x86_64\bin\vcruntime140_1.dll
0x00007ffa47a90000 - 0x00007ffa47b1d000 	c:\Users\Felipe Gabriel\.vscode\extensions\redhat.java-1.54.0-win32-x64\jre\21.0.10-win32-x86_64\bin\msvcp140.dll
0x00007ffa26f10000 - 0x00007ffa27cb1000 	c:\Users\Felipe Gabriel\.vscode\extensions\redhat.java-1.54.0-win32-x64\jre\21.0.10-win32-x86_64\bin\server\jvm.dll
0x00007ffae1b00000 - 0x00007ffae1bb6000 	C:\WINDOWS\System32\ADVAPI32.dll
0x00007ffadfa10000 - 0x00007ffadfaba000 	C:\WINDOWS\System32\sechost.dll
0x00007ffae0c10000 - 0x00007ffae0d28000 	C:\WINDOWS\System32\RPCRT4.dll
0x00007ffae0080000 - 0x00007ffae0100000 	C:\WINDOWS\System32\WS2_32.dll
0x00007ffac9320000 - 0x00007ffac932b000 	C:\WINDOWS\SYSTEM32\VERSION.dll
0x00007ffadedb0000 - 0x00007ffadee0e000 	C:\WINDOWS\SYSTEM32\POWRPROF.dll
0x00007ffad2e60000 - 0x00007ffad2e96000 	C:\WINDOWS\SYSTEM32\WINMM.dll
0x00007ffaded90000 - 0x00007ffadeda4000 	C:\WINDOWS\SYSTEM32\UMPDC.dll
0x00007ffaddcc0000 - 0x00007ffaddcdb000 	C:\WINDOWS\SYSTEM32\kernel.appcore.dll
0x00007ffac95f0000 - 0x00007ffac95fa000 	c:\Users\Felipe Gabriel\.vscode\extensions\redhat.java-1.54.0-win32-x64\jre\21.0.10-win32-x86_64\bin\jimage.dll
0x00007ffadc6d0000 - 0x00007ffadc912000 	C:\WINDOWS\SYSTEM32\DBGHELP.DLL
0x00007ffadfcf0000 - 0x00007ffae0073000 	C:\WINDOWS\System32\combase.dll
0x00007ffae0d30000 - 0x00007ffae0e09000 	C:\WINDOWS\System32\OLEAUT32.dll
0x00007ffac6d50000 - 0x00007ffac6d8b000 	C:\WINDOWS\SYSTEM32\dbgcore.DLL
0x00007ffadf4b0000 - 0x00007ffadf558000 	C:\WINDOWS\System32\bcryptPrimitives.dll
0x00007ffad9070000 - 0x00007ffad907f000 	c:\Users\Felipe Gabriel\.vscode\extensions\redhat.java-1.54.0-win32-x64\jre\21.0.10-win32-x86_64\bin\instrument.dll
0x00007ffac0230000 - 0x00007ffac0250000 	c:\Users\Felipe Gabriel\.vscode\extensions\redhat.java-1.54.0-win32-x64\jre\21.0.10-win32-x86_64\bin\java.dll
0x00007ffae0110000 - 0x00007ffae0894000 	C:\WINDOWS\System32\SHELL32.dll
0x00007ffadca00000 - 0x00007ffadd280000 	C:\WINDOWS\SYSTEM32\windows.storage.dll
0x00007ffadfac0000 - 0x00007ffadfbb6000 	C:\WINDOWS\System32\SHCORE.dll
0x00007ffae1a80000 - 0x00007ffae1ae7000 	C:\WINDOWS\System32\shlwapi.dll
0x00007ffadee50000 - 0x00007ffadee79000 	C:\WINDOWS\SYSTEM32\profapi.dll
0x00007ffa87f70000 - 0x00007ffa87f88000 	c:\Users\Felipe Gabriel\.vscode\extensions\redhat.java-1.54.0-win32-x64\jre\21.0.10-win32-x86_64\bin\zip.dll
0x00007fface420000 - 0x00007fface430000 	C:\Users\Felipe Gabriel\.vscode\extensions\redhat.java-1.54.0-win32-x64\jre\21.0.10-win32-x86_64\bin\net.dll
0x00007ffad55e0000 - 0x00007ffad5709000 	C:\WINDOWS\SYSTEM32\WINHTTP.dll
0x00007ffade230000 - 0x00007ffade29c000 	C:\WINDOWS\system32\mswsock.dll
0x00007ffacb8c0000 - 0x00007ffacb8d6000 	C:\Users\Felipe Gabriel\.vscode\extensions\redhat.java-1.54.0-win32-x64\jre\21.0.10-win32-x86_64\bin\nio.dll
0x00007fface3b0000 - 0x00007fface3c0000 	c:\Users\Felipe Gabriel\.vscode\extensions\redhat.java-1.54.0-win32-x64\jre\21.0.10-win32-x86_64\bin\verify.dll
0x00007ffacad00000 - 0x00007ffacad45000 	C:\Users\Felipe Gabriel\AppData\Roaming\Code\User\globalStorage\redhat.java\1.54.0\config_win\org.eclipse.equinox.launcher\org.eclipse.equinox.launcher.win32.win32.x86_64_1.3.0.v20260203-2149\eclipse_11919.dll
0x00007ffae15e0000 - 0x00007ffae1778000 	C:\WINDOWS\System32\ole32.dll
0x00007ffade510000 - 0x00007ffade52b000 	C:\WINDOWS\SYSTEM32\CRYPTSP.dll
0x00007ffaddc20000 - 0x00007ffaddc59000 	C:\WINDOWS\system32\rsaenh.dll
0x00007ffade2e0000 - 0x00007ffade313000 	C:\WINDOWS\SYSTEM32\USERENV.dll
0x00007ffadee20000 - 0x00007ffadee4a000 	C:\WINDOWS\SYSTEM32\bcrypt.dll
0x00007ffade530000 - 0x00007ffade53c000 	C:\WINDOWS\SYSTEM32\CRYPTBASE.dll
0x00007ffadd680000 - 0x00007ffadd6b3000 	C:\WINDOWS\SYSTEM32\IPHLPAPI.DLL
0x00007ffae1bc0000 - 0x00007ffae1bca000 	C:\WINDOWS\System32\NSI.dll
0x00007ffac9700000 - 0x00007ffac9749000 	C:\Users\Felipe Gabriel\AppData\Local\Temp\jna--547907529\jna17412114689059621913.dll
0x00007ffae1af0000 - 0x00007ffae1af8000 	C:\WINDOWS\System32\PSAPI.DLL
0x00007ffad6600000 - 0x00007ffad661d000 	C:\WINDOWS\SYSTEM32\dhcpcsvc6.DLL
0x00007ffad6400000 - 0x00007ffad6425000 	C:\WINDOWS\SYSTEM32\dhcpcsvc.DLL

JVMTI agents:
c:\Users\Felipe Gabriel\.vscode\extensions\redhat.java-1.54.0-win32-x64\lombok\lombok-1.18.39-4050.jar path:c:\Users\Felipe Gabriel\.vscode\extensions\redhat.java-1.54.0-win32-x64\jre\21.0.10-win32-x86_64\bin\instrument.dll, loaded, initialized, instrumentlib options:none

dbghelp: loaded successfully - version: 4.0.5 - missing functions: none
symbol engine: initialized successfully - sym options: 0x614 - pdb path: .;c:\Users\Felipe Gabriel\.vscode\extensions\redhat.java-1.54.0-win32-x64\jre\21.0.10-win32-x86_64\bin;C:\WINDOWS\SYSTEM32;C:\WINDOWS\WinSxS\amd64_microsoft.windows.common-controls_6595b64144ccf1df_6.0.26100.8521_none_3e08b75ce33403b3;c:\Users\Felipe Gabriel\.vscode\extensions\redhat.java-1.54.0-win32-x64\jre\21.0.10-win32-x86_64\bin\server;C:\Users\Felipe Gabriel\AppData\Roaming\Code\User\globalStorage\redhat.java\1.54.0\config_win\org.eclipse.equinox.launcher\org.eclipse.equinox.launcher.win32.win32.x86_64_1.3.0.v20260203-2149;C:\Users\Felipe Gabriel\AppData\Local\Temp\jna--547907529

VM Arguments:
jvm_args: --add-modules=ALL-SYSTEM --add-opens=java.base/java.util=ALL-UNNAMED --add-opens=java.base/java.lang=ALL-UNNAMED --add-opens=java.base/sun.nio.fs=ALL-UNNAMED -Declipse.application=org.eclipse.jdt.ls.core.id1 -Dosgi.bundles.defaultStartLevel=4 -Declipse.product=org.eclipse.jdt.ls.core.product -Djava.import.generatesMetadataFilesAtProjectRoot=false -DDetectVMInstallationsJob.disabled=true -Dfile.encoding=utf8 -XX:+UseParallelGC -XX:GCTimeRatio=4 -XX:AdaptiveSizePolicyWeight=90 -Dsun.zip.disableMemoryMapping=true -Xmx2G -Xms100m -Xlog:disable -javaagent:c:\Users\Felipe Gabriel\.vscode\extensions\redhat.java-1.54.0-win32-x64\lombok\lombok-1.18.39-4050.jar -XX:+HeapDumpOnOutOfMemoryError -XX:HeapDumpPath=c:\Users\Felipe Gabriel\AppData\Roaming\Code\User\workspaceStorage\642678f124544afbc4c382be6d497972\redhat.java -Daether.dependencyCollector.impl=bf 
java_command: c:\Users\Felipe Gabriel\.vscode\extensions\redhat.java-1.54.0-win32-x64\server\plugins\org.eclipse.equinox.launcher_1.7.100.v20251111-0406.jar -configuration c:\Users\Felipe Gabriel\AppData\Roaming\Code\User\globalStorage\redhat.java\1.54.0\config_win -data c:\Users\Felipe Gabriel\AppData\Roaming\Code\User\workspaceStorage\642678f124544afbc4c382be6d497972\redhat.java\jdt_ws --pipe=\\.\pipe\lsp-e138b9c88a1fd1d8de094ab9595ef477-sock
java_class_path (initial): c:\Users\Felipe Gabriel\.vscode\extensions\redhat.java-1.54.0-win32-x64\server\plugins\org.eclipse.equinox.launcher_1.7.100.v20251111-0406.jar
Launcher Type: SUN_STANDARD

[Global flags]
    uintx AdaptiveSizePolicyWeight                 = 90                                        {product} {command line}
     intx CICompilerCount                          = 4                                         {product} {ergonomic}
    uintx GCTimeRatio                              = 4                                         {product} {command line}
     bool HeapDumpOnOutOfMemoryError               = true                                   {manageable} {command line}
    ccstr HeapDumpPath                             = c:\Users\Felipe Gabriel\AppData\Roaming\Code\User\workspaceStorage\642678f124544afbc4c382be6d497972\redhat.java         {manageable} {command line}
   size_t InitialHeapSize                          = 104857600                                 {product} {command line}
   size_t MaxHeapSize                              = 2147483648                                {product} {command line}
   size_t MaxNewSize                               = 715653120                                 {product} {ergonomic}
   size_t MinHeapDeltaBytes                        = 524288                                    {product} {ergonomic}
   size_t MinHeapSize                              = 104857600                                 {product} {command line}
   size_t NewSize                                  = 34603008                                  {product} {ergonomic}
    uintx NonNMethodCodeHeapSize                   = 5839372                                {pd product} {ergonomic}
    uintx NonProfiledCodeHeapSize                  = 122909434                              {pd product} {ergonomic}
   size_t OldSize                                  = 70254592                                  {product} {ergonomic}
    uintx ProfiledCodeHeapSize                     = 122909434                              {pd product} {ergonomic}
    uintx ReservedCodeCacheSize                    = 251658240                              {pd product} {ergonomic}
     bool SegmentedCodeCache                       = true                                      {product} {ergonomic}
   size_t SoftMaxHeapSize                          = 2147483648                             {manageable} {ergonomic}
     bool UseCompressedOops                        = true                           {product lp64_product} {ergonomic}
     bool UseLargePagesIndividualAllocation        = false                                  {pd product} {ergonomic}
     bool UseParallelGC                            = true                                      {product} {command line}

Logging:
Log output configuration:
 #0: stdout all=off uptime,level,tags foldmultilines=false
 #1: stderr all=off uptime,level,tags foldmultilines=false

Release file:
JAVA_VERSION="21.0.10" 
MODULES="java.base java.compiler java.datatransfer java.xml java.prefs java.desktop java.instrument java.logging java.management java.security.sasl java.naming java.rmi java.management.rmi java.net.http java.scripting java.security.jgss java.transaction.xa java.sql java.sql.rowset java.xml.crypto java.se java.smartcardio jdk.accessibility jdk.internal.jvmstat jdk.attach jdk.charsets jdk.internal.opt jdk.zipfs jdk.compiler jdk.crypto.ec jdk.crypto.cryptoki jdk.crypto.mscapi jdk.dynalink jdk.internal.ed jdk.editpad jdk.hotspot.agent jdk.httpserver jdk.internal.le jdk.internal.vm.ci jdk.internal.vm.compiler jdk.internal.vm.compiler.management jdk.jartool jdk.javadoc jdk.jcmd jdk.management jdk.management.agent jdk.jconsole jdk.jdeps jdk.jdwp.agent jdk.jdi jdk.jfr jdk.jshell jdk.jsobject jdk.jstatd jdk.localedata jdk.management.jfr jdk.naming.dns jdk.naming.rmi jdk.net jdk.nio.mapmode jdk.random jdk.sctp jdk.security.auth jdk.security.jgss jdk.unsupported jdk.unsupported.desktop jdk.xml.dom" 

Environment Variables:
PATH=C:\Program Files\Microsoft MPI\Bin\;C:\Program Files\Common Files\Oracle\Java\javapath;C:\Program Files (x86)\Common Files\Oracle\Java\java8path;C:\Program Files (x86)\Common Files\Oracle\Java\javapath;C:\WINDOWS\system32;C:\WINDOWS;C:\WINDOWS\System32\Wbem;C:\WINDOWS\System32\WindowsPowerShell\v1.0\;C:\WINDOWS\System32\OpenSSH\;C:\mingw64\bin;C:\Program Files\Git\cmd;C:\Program Files\nodejs\;C:\Program Files\Mozart\bin;C:\Program Files\ImageMagick-7.1.1-Q16-HDRI\;C:\Program Files\dotnet\;C:\Program Files (x86)\Microsoft SQL Server\160\Tools\Binn\;C:\Program Files\Microsoft SQL Server\160\Tools\Binn\;C:\Program Files\Microsoft SQL Server\Client SDK\ODBC\170\Tools\Binn\;C:\Program Files\Microsoft SQL Server\160\DTS\Binn\;C:\Program Files (x86)\Microsoft SQL Server\160\DTS\Binn\;C:\Program Files\Elixir\bin;C:\Program Files\Erlang OTP\bin;C:\Users\Felipe Gabriel\AppData\Local\Microsoft\WindowsApps;C:\Users\Felipe Gabriel\AppData\Local\Programs\Microsoft VS Code\bin;C:\Users\Felipe Gabriel\AppData\Roaming\npm;C:\msys64\mingw64\bin;
USERNAME=Felipe Gabriel
OS=Windows_NT
PROCESSOR_IDENTIFIER=Intel64 Family 6 Model 154 Stepping 4, GenuineIntel
TMP=C:\Users\FELIPE~1\AppData\Local\Temp
TEMP=C:\Users\FELIPE~1\AppData\Local\Temp




Periodic native trim disabled

---------------  S Y S T E M  ---------------

OS:
 Windows 11 , 64 bit Build 26100 (10.0.26100.8521)
OS uptime: 7 days 19:39 hours
Hyper-V role detected

CPU: total 12 (initial active 12) (6 cores per cpu, 2 threads per core) family 6 model 154 stepping 4 microcode 0x42c, cx8, cmov, fxsr, ht, mmx, 3dnowpref, sse, sse2, sse3, ssse3, sse4.1, sse4.2, popcnt, lzcnt, tsc, tscinvbit, avx, avx2, aes, erms, clmul, bmi1, bmi2, adx, sha, fma, vzeroupper, clflush, clflushopt, clwb, hv, serialize, rdtscp, rdpid, fsrm, f16c, cet_ibt, cet_ss
Processor Information for processor 0
  Max Mhz: 1300, Current Mhz: 1300, Mhz Limit: 1300
Processor Information for processor 1
  Max Mhz: 1300, Current Mhz: 1300, Mhz Limit: 1300
Processor Information for processor 2
  Max Mhz: 1300, Current Mhz: 1300, Mhz Limit: 1300
Processor Information for processor 3
  Max Mhz: 1300, Current Mhz: 1300, Mhz Limit: 1300
Processor Information for processor 4
  Max Mhz: 1300, Current Mhz: 900, Mhz Limit: 897
Processor Information for processor 5
  Max Mhz: 1300, Current Mhz: 900, Mhz Limit: 897
Processor Information for processor 6
  Max Mhz: 1300, Current Mhz: 900, Mhz Limit: 897
Processor Information for processor 7
  Max Mhz: 1300, Current Mhz: 900, Mhz Limit: 897
Processor Information for processor 8
  Max Mhz: 1300, Current Mhz: 900, Mhz Limit: 897
Processor Information for processor 9
  Max Mhz: 1300, Current Mhz: 900, Mhz Limit: 897
Processor Information for processor 10
  Max Mhz: 1300, Current Mhz: 900, Mhz Limit: 897
Processor Information for processor 11
  Max Mhz: 1300, Current Mhz: 900, Mhz Limit: 897

Memory: 4k page, system-wide physical 7877M (496M free)
TotalPageFile size 32453M (AvailPageFile size 1M)
current process WorkingSet (physical memory assigned to process): 180M, peak: 243M
current process commit charge ("private bytes"): 326M, peak: 360M

vm_info: OpenJDK 64-Bit Server VM (21.0.10+7-LTS) for windows-amd64 JRE (21.0.10+7-LTS), built on 2026-01-20T00:00:00Z by "admin" with MS VC++ 17.12 (VS2022)

END.
